{
    "-profile test": {
        "content": [
            {
                "BCFTOOLS_STATS": {
                    "bcftools": 1.21
                },
                "BWAMEM1_INDEX": {
                    "bwa": "0.7.18-r1243-dirty"
                },
                "BWAMEM1_MEM": {
                    "bwa": "0.7.18-r1243-dirty",
                    "samtools": 1.21
                },
                "FASTP": {
                    "fastp": "0.24.0"
                },
                "FASTQC": {
                    "fastqc": "0.12.1"
                },
                "FILTERING": {
                    "python": "Python 3.9.13"
                },
                "GATK4_APPLYBQSR": {
                    "gatk4": "4.6.1.0"
                },
                "GATK4_BASERECALIBRATOR": {
                    "gatk4": "4.6.1.0"
                },
                "GATK4_CREATESEQUENCEDICTIONARY": {
                    "gatk4": "4.6.1.0"
                },
                "GATK4_MARKDUPLICATES": {
                    "gatk4": "4.6.1.0",
                    "samtools": 1.21
                },
                "GATK4_SPLITNCIGARREADS": {
                    "gatk4": "4.4.0.0",
                    "samtools": 1.17
                },
                "INDEX_CRAM": {
                    "samtools": 1.21
                },
                "MERGE_STRELKA": {
                    "gatk4": "4.6.1.0"
                },
                "MOSDEPTH": {
                    "mosdepth": "0.3.10"
                },
                "SAMTOOLS_FAIDX": {
                    "samtools": 1.21
                },
                "SAMTOOLS_FLAGSTAT": {
                    "samtools": 1.21
                },
                "SAMTOOLS_IDXSTATS": {
                    "samtools": 1.21
                },
                "SAMTOOLS_INDEX": {
                    "samtools": 1.21
                },
                "SAMTOOLS_SORT": {
                    "samtools": 1.21
                },
                "SAMTOOLS_STATS": {
                    "samtools": 1.21
                },
                "STAR_ALIGN": {
                    "gawk": "5.1.0",
                    "samtools": 1.21,
                    "star": "2.7.11b"
                },
                "STAR_GENOMEGENERATE": {
                    "gawk": "5.1.0",
                    "samtools": 1.21,
                    "star": "2.7.11b"
                },
                "STRELKA_SOMATIC": {
                    "strelka": "2.9.10"
                },
                "TABIX_DBSNP": {
                    "tabix": 1.21
                },
                "VCF2MAF": {
                    "vcf2maf": "1.6.21"
                },
                "VCFTOOLS_TSTV_COUNT": {
                    "vcftools": "0.1.16"
                }
            },
            [
                "consensus",
                "consensus/vcf2maf",
                "consensus/vcf2maf/TCRBOA7-T-RNA_vs_TCRBOA7-N",
                "consensus/vcf2maf/TCRBOA7-T-RNA_vs_TCRBOA7-N/TCRBOA7-T-RNA_vs_TCRBOA7-N.strelka.maf",
                "consensus/vcf2maf/TCRBOA7-T_vs_TCRBOA7-N",
                "consensus/vcf2maf/TCRBOA7-T_vs_TCRBOA7-N/TCRBOA7-T_vs_TCRBOA7-N.strelka.maf",
                "csv",
                "csv/markduplicates.csv",
                "csv/markduplicates_no_table.csv",
                "csv/recalibrated.csv",
                "csv/variantcalled.csv",
                "filtering",
                "filtering/TCRBOA7-T-RNA_vs_TCRBOA7-N",
                "filtering/TCRBOA7-T-RNA_vs_TCRBOA7-N/TCRBOA7-T-RNA_vs_TCRBOA7-N.filtered.maf",
                "filtering/TCRBOA7-T_vs_TCRBOA7-N",
                "filtering/TCRBOA7-T_vs_TCRBOA7-N/TCRBOA7-T_vs_TCRBOA7-N.filtered.maf",
                "pipeline_info",
                "pipeline_info/nf_core_rnadnavar_software_mqc_versions.yml",
                "preprocessing",
                "preprocessing/markduplicates",
                "preprocessing/markduplicates/TCRBOA7-N",
                "preprocessing/markduplicates/TCRBOA7-N/TCRBOA7-N.md.cram",
                "preprocessing/markduplicates/TCRBOA7-N/TCRBOA7-N.md.cram.crai",
                "preprocessing/markduplicates/TCRBOA7-T",
                "preprocessing/markduplicates/TCRBOA7-T-RNA",
                "preprocessing/markduplicates/TCRBOA7-T-RNA/TCRBOA7-T-RNA.md.cram",
                "preprocessing/markduplicates/TCRBOA7-T-RNA/TCRBOA7-T-RNA.md.cram.crai",
                "preprocessing/markduplicates/TCRBOA7-T/TCRBOA7-T.md.cram",
                "preprocessing/markduplicates/TCRBOA7-T/TCRBOA7-T.md.cram.crai",
                "preprocessing/recal_table",
                "preprocessing/recal_table/TCRBOA7-N",
                "preprocessing/recal_table/TCRBOA7-N/TCRBOA7-N.recal.table",
                "preprocessing/recal_table/TCRBOA7-T",
                "preprocessing/recal_table/TCRBOA7-T-RNA",
                "preprocessing/recal_table/TCRBOA7-T-RNA/TCRBOA7-T-RNA.recal.table",
                "preprocessing/recal_table/TCRBOA7-T/TCRBOA7-T.recal.table",
                "preprocessing/recalibrated",
                "preprocessing/recalibrated/TCRBOA7-N",
                "preprocessing/recalibrated/TCRBOA7-N/TCRBOA7-N.recal.cram",
                "preprocessing/recalibrated/TCRBOA7-N/TCRBOA7-N.recal.cram.crai",
                "preprocessing/recalibrated/TCRBOA7-T",
                "preprocessing/recalibrated/TCRBOA7-T-RNA",
                "preprocessing/recalibrated/TCRBOA7-T-RNA/TCRBOA7-T-RNA.recal.cram",
                "preprocessing/recalibrated/TCRBOA7-T-RNA/TCRBOA7-T-RNA.recal.cram.crai",
                "preprocessing/recalibrated/TCRBOA7-T/TCRBOA7-T.recal.cram",
                "preprocessing/recalibrated/TCRBOA7-T/TCRBOA7-T.recal.cram.crai",
                "preprocessing/splitncigarreads",
                "preprocessing/splitncigarreads/TCRBOA7-T-RNA",
                "preprocessing/splitncigarreads/TCRBOA7-T-RNA/TCRBOA7-T-RNA.sncr.cram",
                "preprocessing/splitncigarreads/TCRBOA7-T-RNA/TCRBOA7-T-RNA.sncr.cram.crai",
                "reports",
                "reports/bcftools",
                "reports/bcftools/strelka",
                "reports/bcftools/strelka/TCRBOA7-T-RNA_vs_TCRBOA7-N",
                "reports/bcftools/strelka/TCRBOA7-T-RNA_vs_TCRBOA7-N/TCRBOA7-T-RNA_vs_TCRBOA7-N.strelka.variants.bcftools_stats.txt",
                "reports/bcftools/strelka/TCRBOA7-T_vs_TCRBOA7-N",
                "reports/bcftools/strelka/TCRBOA7-T_vs_TCRBOA7-N/TCRBOA7-T_vs_TCRBOA7-N.strelka.variants.bcftools_stats.txt",
                "reports/fastp",
                "reports/fastp/TCRBOA7-N",
                "reports/fastp/TCRBOA7-N/TCRBOA7-N-LX.fastp.html",
                "reports/fastp/TCRBOA7-N/TCRBOA7-N-LX.fastp.json",
                "reports/fastp/TCRBOA7-N/TCRBOA7-N-LX.fastp.log",
                "reports/fastp/TCRBOA7-T",
                "reports/fastp/TCRBOA7-T-RNA",
                "reports/fastp/TCRBOA7-T-RNA/TCRBOA7-T-RNA-LX.fastp.html",
                "reports/fastp/TCRBOA7-T-RNA/TCRBOA7-T-RNA-LX.fastp.json",
                "reports/fastp/TCRBOA7-T-RNA/TCRBOA7-T-RNA-LX.fastp.log",
                "reports/fastp/TCRBOA7-T/TCRBOA7-T-LX.fastp.html",
                "reports/fastp/TCRBOA7-T/TCRBOA7-T-LX.fastp.json",
                "reports/fastp/TCRBOA7-T/TCRBOA7-T-LX.fastp.log",
                "reports/fastqc",
                "reports/fastqc/TCRBOA7-N-LX",
                "reports/fastqc/TCRBOA7-N-LX/TCRBOA7-N-LX_1_fastqc.html",
                "reports/fastqc/TCRBOA7-N-LX/TCRBOA7-N-LX_1_fastqc.zip",
                "reports/fastqc/TCRBOA7-N-LX/TCRBOA7-N-LX_2_fastqc.html",
                "reports/fastqc/TCRBOA7-N-LX/TCRBOA7-N-LX_2_fastqc.zip",
                "reports/fastqc/TCRBOA7-T-LX",
                "reports/fastqc/TCRBOA7-T-LX/TCRBOA7-T-LX_1_fastqc.html",
                "reports/fastqc/TCRBOA7-T-LX/TCRBOA7-T-LX_1_fastqc.zip",
                "reports/fastqc/TCRBOA7-T-LX/TCRBOA7-T-LX_2_fastqc.html",
                "reports/fastqc/TCRBOA7-T-LX/TCRBOA7-T-LX_2_fastqc.zip",
                "reports/fastqc/TCRBOA7-T-RNA-LX",
                "reports/fastqc/TCRBOA7-T-RNA-LX/TCRBOA7-T-RNA-LX_1_fastqc.html",
                "reports/fastqc/TCRBOA7-T-RNA-LX/TCRBOA7-T-RNA-LX_1_fastqc.zip",
                "reports/fastqc/TCRBOA7-T-RNA-LX/TCRBOA7-T-RNA-LX_2_fastqc.html",
                "reports/fastqc/TCRBOA7-T-RNA-LX/TCRBOA7-T-RNA-LX_2_fastqc.zip",
                "reports/markduplicates",
                "reports/markduplicates/TCRBOA7-N",
                "reports/markduplicates/TCRBOA7-N/TCRBOA7-N.md.cram.metrics",
                "reports/markduplicates/TCRBOA7-T",
                "reports/markduplicates/TCRBOA7-T-RNA",
                "reports/markduplicates/TCRBOA7-T-RNA/TCRBOA7-T-RNA.md.cram.metrics",
                "reports/markduplicates/TCRBOA7-T/TCRBOA7-T.md.cram.metrics",
                "reports/mosdepth",
                "reports/mosdepth/TCRBOA7-N",
                "reports/mosdepth/TCRBOA7-N/TCRBOA7-N.md.mosdepth.global.dist.txt",
                "reports/mosdepth/TCRBOA7-N/TCRBOA7-N.md.mosdepth.summary.txt",
                "reports/mosdepth/TCRBOA7-N/TCRBOA7-N.md.per-base.bed.gz",
                "reports/mosdepth/TCRBOA7-N/TCRBOA7-N.md.per-base.bed.gz.csi",
                "reports/mosdepth/TCRBOA7-N/TCRBOA7-N.recal.mosdepth.global.dist.txt",
                "reports/mosdepth/TCRBOA7-N/TCRBOA7-N.recal.mosdepth.summary.txt",
                "reports/mosdepth/TCRBOA7-N/TCRBOA7-N.recal.per-base.bed.gz",
                "reports/mosdepth/TCRBOA7-N/TCRBOA7-N.recal.per-base.bed.gz.csi",
                "reports/mosdepth/TCRBOA7-T",
                "reports/mosdepth/TCRBOA7-T-RNA",
                "reports/mosdepth/TCRBOA7-T-RNA/TCRBOA7-T-RNA.md.mosdepth.global.dist.txt",
                "reports/mosdepth/TCRBOA7-T-RNA/TCRBOA7-T-RNA.md.mosdepth.summary.txt",
                "reports/mosdepth/TCRBOA7-T-RNA/TCRBOA7-T-RNA.md.per-base.bed.gz",
                "reports/mosdepth/TCRBOA7-T-RNA/TCRBOA7-T-RNA.md.per-base.bed.gz.csi",
                "reports/mosdepth/TCRBOA7-T-RNA/TCRBOA7-T-RNA.recal.mosdepth.global.dist.txt",
                "reports/mosdepth/TCRBOA7-T-RNA/TCRBOA7-T-RNA.recal.mosdepth.summary.txt",
                "reports/mosdepth/TCRBOA7-T-RNA/TCRBOA7-T-RNA.recal.per-base.bed.gz",
                "reports/mosdepth/TCRBOA7-T-RNA/TCRBOA7-T-RNA.recal.per-base.bed.gz.csi",
                "reports/mosdepth/TCRBOA7-T/TCRBOA7-T.md.mosdepth.global.dist.txt",
                "reports/mosdepth/TCRBOA7-T/TCRBOA7-T.md.mosdepth.summary.txt",
                "reports/mosdepth/TCRBOA7-T/TCRBOA7-T.md.per-base.bed.gz",
                "reports/mosdepth/TCRBOA7-T/TCRBOA7-T.md.per-base.bed.gz.csi",
                "reports/mosdepth/TCRBOA7-T/TCRBOA7-T.recal.mosdepth.global.dist.txt",
                "reports/mosdepth/TCRBOA7-T/TCRBOA7-T.recal.mosdepth.summary.txt",
                "reports/mosdepth/TCRBOA7-T/TCRBOA7-T.recal.per-base.bed.gz",
                "reports/mosdepth/TCRBOA7-T/TCRBOA7-T.recal.per-base.bed.gz.csi",
                "reports/multiqc_data",
                "reports/multiqc_data/bcftools-stats-subtypes.txt",
                "reports/multiqc_data/bcftools_stats_indel-lengths.txt",
                "reports/multiqc_data/bcftools_stats_variant_depths.txt",
                "reports/multiqc_data/bcftools_stats_vqc_Count_Indels.txt",
                "reports/multiqc_data/bcftools_stats_vqc_Count_SNP.txt",
                "reports/multiqc_data/bcftools_stats_vqc_Count_Transitions.txt",
                "reports/multiqc_data/bcftools_stats_vqc_Count_Transversions.txt",
                "reports/multiqc_data/fastp-insert-size-plot.txt",
                "reports/multiqc_data/fastp-seq-content-gc-plot_Read_1_After_filtering.txt",
                "reports/multiqc_data/fastp-seq-content-gc-plot_Read_1_Before_filtering.txt",
                "reports/multiqc_data/fastp-seq-content-gc-plot_Read_2_After_filtering.txt",
                "reports/multiqc_data/fastp-seq-content-gc-plot_Read_2_Before_filtering.txt",
                "reports/multiqc_data/fastp-seq-content-n-plot_Read_1_After_filtering.txt",
                "reports/multiqc_data/fastp-seq-content-n-plot_Read_1_Before_filtering.txt",
                "reports/multiqc_data/fastp-seq-content-n-plot_Read_2_After_filtering.txt",
                "reports/multiqc_data/fastp-seq-content-n-plot_Read_2_Before_filtering.txt",
                "reports/multiqc_data/fastp-seq-quality-plot_Read_1_After_filtering.txt",
                "reports/multiqc_data/fastp-seq-quality-plot_Read_1_Before_filtering.txt",
                "reports/multiqc_data/fastp-seq-quality-plot_Read_2_After_filtering.txt",
                "reports/multiqc_data/fastp-seq-quality-plot_Read_2_Before_filtering.txt",
                "reports/multiqc_data/fastp_filtered_reads_plot.txt",
                "reports/multiqc_data/fastqc-status-check-heatmap.txt",
                "reports/multiqc_data/fastqc_adapter_content_plot.txt",
                "reports/multiqc_data/fastqc_per_base_n_content_plot.txt",
                "reports/multiqc_data/fastqc_per_base_sequence_quality_plot.txt",
                "reports/multiqc_data/fastqc_per_sequence_gc_content_plot_Counts.txt",
                "reports/multiqc_data/fastqc_per_sequence_gc_content_plot_Percentages.txt",
                "reports/multiqc_data/fastqc_per_sequence_quality_scores_plot.txt",
                "reports/multiqc_data/fastqc_sequence_counts_plot.txt",
                "reports/multiqc_data/fastqc_sequence_duplication_levels_plot.txt",
                "reports/multiqc_data/gatk-base-recalibrator-quality-scores-plot_Pre-recalibration_Count.txt",
                "reports/multiqc_data/gatk-base-recalibrator-quality-scores-plot_Pre-recalibration_Percent.txt",
                "reports/multiqc_data/gatk-base-recalibrator-reported-empirical-plot.txt",
                "reports/multiqc_data/gatk_base_recalibrator.txt",
                "reports/multiqc_data/llms-full.txt",
                "reports/multiqc_data/mosdepth-coverage-per-contig-single.txt",
                "reports/multiqc_data/mosdepth-cumcoverage-dist-id.txt",
                "reports/multiqc_data/mosdepth_cov_dist.txt",
                "reports/multiqc_data/mosdepth_cumcov_dist.txt",
                "reports/multiqc_data/mosdepth_perchrom.txt",
                "reports/multiqc_data/multiqc.log",
                "reports/multiqc_data/multiqc.parquet",
                "reports/multiqc_data/multiqc_bcftools_stats.txt",
                "reports/multiqc_data/multiqc_citations.txt",
                "reports/multiqc_data/multiqc_data.json",
                "reports/multiqc_data/multiqc_fastp.txt",
                "reports/multiqc_data/multiqc_fastqc.txt",
                "reports/multiqc_data/multiqc_general_stats.txt",
                "reports/multiqc_data/multiqc_picard_dups.txt",
                "reports/multiqc_data/multiqc_samtools_stats.txt",
                "reports/multiqc_data/multiqc_software_versions.txt",
                "reports/multiqc_data/multiqc_sources.txt",
                "reports/multiqc_data/multiqc_star.txt",
                "reports/multiqc_data/picard_MarkIlluminaAdapters_histogram.txt",
                "reports/multiqc_data/picard_MeanQualityByCycle_histogram.txt",
                "reports/multiqc_data/picard_MeanQualityByCycle_histogram_1.txt",
                "reports/multiqc_data/picard_QualityScoreDistribution_histogram.txt",
                "reports/multiqc_data/picard_deduplication.txt",
                "reports/multiqc_data/samtools-stats-dp.txt",
                "reports/multiqc_data/samtools_alignment_plot.txt",
                "reports/multiqc_data/star_alignment_plot.txt",
                "reports/multiqc_data/star_summary_table.txt",
                "reports/multiqc_data/vcftools_tstv_by_count.txt",
                "reports/multiqc_data/vcftools_tstv_by_qual.txt",
                "reports/multiqc_plots",
                "reports/multiqc_plots/pdf",
                "reports/multiqc_plots/pdf/bcftools-stats-subtypes-cnt.pdf",
                "reports/multiqc_plots/pdf/bcftools-stats-subtypes-pct.pdf",
                "reports/multiqc_plots/pdf/bcftools_stats_indel-lengths-cnt.pdf",
                "reports/multiqc_plots/pdf/bcftools_stats_indel-lengths-log.pdf",
                "reports/multiqc_plots/pdf/bcftools_stats_variant_depths.pdf",
                "reports/multiqc_plots/pdf/bcftools_stats_vqc_Count_Indels.pdf",
                "reports/multiqc_plots/pdf/bcftools_stats_vqc_Count_SNP.pdf",
                "reports/multiqc_plots/pdf/bcftools_stats_vqc_Count_Transitions.pdf",
                "reports/multiqc_plots/pdf/bcftools_stats_vqc_Count_Transversions.pdf",
                "reports/multiqc_plots/pdf/fastp-insert-size-plot.pdf",
                "reports/multiqc_plots/pdf/fastp-seq-content-gc-plot_Read_1_After_filtering.pdf",
                "reports/multiqc_plots/pdf/fastp-seq-content-gc-plot_Read_1_Before_filtering.pdf",
                "reports/multiqc_plots/pdf/fastp-seq-content-gc-plot_Read_2_After_filtering.pdf",
                "reports/multiqc_plots/pdf/fastp-seq-content-gc-plot_Read_2_Before_filtering.pdf",
                "reports/multiqc_plots/pdf/fastp-seq-content-n-plot_Read_1_After_filtering.pdf",
                "reports/multiqc_plots/pdf/fastp-seq-content-n-plot_Read_1_Before_filtering.pdf",
                "reports/multiqc_plots/pdf/fastp-seq-content-n-plot_Read_2_After_filtering.pdf",
                "reports/multiqc_plots/pdf/fastp-seq-content-n-plot_Read_2_Before_filtering.pdf",
                "reports/multiqc_plots/pdf/fastp-seq-quality-plot_Read_1_After_filtering.pdf",
                "reports/multiqc_plots/pdf/fastp-seq-quality-plot_Read_1_Before_filtering.pdf",
                "reports/multiqc_plots/pdf/fastp-seq-quality-plot_Read_2_After_filtering.pdf",
                "reports/multiqc_plots/pdf/fastp-seq-quality-plot_Read_2_Before_filtering.pdf",
                "reports/multiqc_plots/pdf/fastp_filtered_reads_plot-cnt.pdf",
                "reports/multiqc_plots/pdf/fastp_filtered_reads_plot-pct.pdf",
                "reports/multiqc_plots/pdf/fastqc-status-check-heatmap.pdf",
                "reports/multiqc_plots/pdf/fastqc_adapter_content_plot.pdf",
                "reports/multiqc_plots/pdf/fastqc_per_base_n_content_plot.pdf",
                "reports/multiqc_plots/pdf/fastqc_per_base_sequence_quality_plot.pdf",
                "reports/multiqc_plots/pdf/fastqc_per_sequence_gc_content_plot_Counts.pdf",
                "reports/multiqc_plots/pdf/fastqc_per_sequence_gc_content_plot_Percentages.pdf",
                "reports/multiqc_plots/pdf/fastqc_per_sequence_quality_scores_plot.pdf",
                "reports/multiqc_plots/pdf/fastqc_sequence_counts_plot-cnt.pdf",
                "reports/multiqc_plots/pdf/fastqc_sequence_counts_plot-pct.pdf",
                "reports/multiqc_plots/pdf/fastqc_sequence_duplication_levels_plot.pdf",
                "reports/multiqc_plots/pdf/gatk-base-recalibrator-quality-scores-plot_Pre-recalibration_Count.pdf",
                "reports/multiqc_plots/pdf/gatk-base-recalibrator-quality-scores-plot_Pre-recalibration_Percent.pdf",
                "reports/multiqc_plots/pdf/gatk-base-recalibrator-reported-empirical-plot.pdf",
                "reports/multiqc_plots/pdf/mosdepth-coverage-per-contig-single-cnt.pdf",
                "reports/multiqc_plots/pdf/mosdepth-coverage-per-contig-single-pct.pdf",
                "reports/multiqc_plots/pdf/mosdepth-cumcoverage-dist-id.pdf",
                "reports/multiqc_plots/pdf/picard_deduplication-cnt.pdf",
                "reports/multiqc_plots/pdf/picard_deduplication-pct.pdf",
                "reports/multiqc_plots/pdf/samtools-stats-dp.pdf",
                "reports/multiqc_plots/pdf/samtools_alignment_plot-cnt.pdf",
                "reports/multiqc_plots/pdf/samtools_alignment_plot-pct.pdf",
                "reports/multiqc_plots/pdf/star_alignment_plot-cnt.pdf",
                "reports/multiqc_plots/pdf/star_alignment_plot-pct.pdf",
                "reports/multiqc_plots/pdf/star_summary_table.pdf",
                "reports/multiqc_plots/pdf/vcftools_tstv_by_count.pdf",
                "reports/multiqc_plots/png",
                "reports/multiqc_plots/png/bcftools-stats-subtypes-cnt.png",
                "reports/multiqc_plots/png/bcftools-stats-subtypes-pct.png",
                "reports/multiqc_plots/png/bcftools_stats_indel-lengths-cnt.png",
                "reports/multiqc_plots/png/bcftools_stats_indel-lengths-log.png",
                "reports/multiqc_plots/png/bcftools_stats_variant_depths.png",
                "reports/multiqc_plots/png/bcftools_stats_vqc_Count_Indels.png",
                "reports/multiqc_plots/png/bcftools_stats_vqc_Count_SNP.png",
                "reports/multiqc_plots/png/bcftools_stats_vqc_Count_Transitions.png",
                "reports/multiqc_plots/png/bcftools_stats_vqc_Count_Transversions.png",
                "reports/multiqc_plots/png/fastp-insert-size-plot.png",
                "reports/multiqc_plots/png/fastp-seq-content-gc-plot_Read_1_After_filtering.png",
                "reports/multiqc_plots/png/fastp-seq-content-gc-plot_Read_1_Before_filtering.png",
                "reports/multiqc_plots/png/fastp-seq-content-gc-plot_Read_2_After_filtering.png",
                "reports/multiqc_plots/png/fastp-seq-content-gc-plot_Read_2_Before_filtering.png",
                "reports/multiqc_plots/png/fastp-seq-content-n-plot_Read_1_After_filtering.png",
                "reports/multiqc_plots/png/fastp-seq-content-n-plot_Read_1_Before_filtering.png",
                "reports/multiqc_plots/png/fastp-seq-content-n-plot_Read_2_After_filtering.png",
                "reports/multiqc_plots/png/fastp-seq-content-n-plot_Read_2_Before_filtering.png",
                "reports/multiqc_plots/png/fastp-seq-quality-plot_Read_1_After_filtering.png",
                "reports/multiqc_plots/png/fastp-seq-quality-plot_Read_1_Before_filtering.png",
                "reports/multiqc_plots/png/fastp-seq-quality-plot_Read_2_After_filtering.png",
                "reports/multiqc_plots/png/fastp-seq-quality-plot_Read_2_Before_filtering.png",
                "reports/multiqc_plots/png/fastp_filtered_reads_plot-cnt.png",
                "reports/multiqc_plots/png/fastp_filtered_reads_plot-pct.png",
                "reports/multiqc_plots/png/fastqc-status-check-heatmap.png",
                "reports/multiqc_plots/png/fastqc_adapter_content_plot.png",
                "reports/multiqc_plots/png/fastqc_per_base_n_content_plot.png",
                "reports/multiqc_plots/png/fastqc_per_base_sequence_quality_plot.png",
                "reports/multiqc_plots/png/fastqc_per_sequence_gc_content_plot_Counts.png",
                "reports/multiqc_plots/png/fastqc_per_sequence_gc_content_plot_Percentages.png",
                "reports/multiqc_plots/png/fastqc_per_sequence_quality_scores_plot.png",
                "reports/multiqc_plots/png/fastqc_sequence_counts_plot-cnt.png",
                "reports/multiqc_plots/png/fastqc_sequence_counts_plot-pct.png",
                "reports/multiqc_plots/png/fastqc_sequence_duplication_levels_plot.png",
                "reports/multiqc_plots/png/gatk-base-recalibrator-quality-scores-plot_Pre-recalibration_Count.png",
                "reports/multiqc_plots/png/gatk-base-recalibrator-quality-scores-plot_Pre-recalibration_Percent.png",
                "reports/multiqc_plots/png/gatk-base-recalibrator-reported-empirical-plot.png",
                "reports/multiqc_plots/png/mosdepth-coverage-per-contig-single-cnt.png",
                "reports/multiqc_plots/png/mosdepth-coverage-per-contig-single-pct.png",
                "reports/multiqc_plots/png/mosdepth-cumcoverage-dist-id.png",
                "reports/multiqc_plots/png/picard_deduplication-cnt.png",
                "reports/multiqc_plots/png/picard_deduplication-pct.png",
                "reports/multiqc_plots/png/samtools-stats-dp.png",
                "reports/multiqc_plots/png/samtools_alignment_plot-cnt.png",
                "reports/multiqc_plots/png/samtools_alignment_plot-pct.png",
                "reports/multiqc_plots/png/star_alignment_plot-cnt.png",
                "reports/multiqc_plots/png/star_alignment_plot-pct.png",
                "reports/multiqc_plots/png/star_summary_table.png",
                "reports/multiqc_plots/png/vcftools_tstv_by_count.png",
                "reports/multiqc_plots/svg",
                "reports/multiqc_plots/svg/bcftools-stats-subtypes-cnt.svg",
                "reports/multiqc_plots/svg/bcftools-stats-subtypes-pct.svg",
                "reports/multiqc_plots/svg/bcftools_stats_indel-lengths-cnt.svg",
                "reports/multiqc_plots/svg/bcftools_stats_indel-lengths-log.svg",
                "reports/multiqc_plots/svg/bcftools_stats_variant_depths.svg",
                "reports/multiqc_plots/svg/bcftools_stats_vqc_Count_Indels.svg",
                "reports/multiqc_plots/svg/bcftools_stats_vqc_Count_SNP.svg",
                "reports/multiqc_plots/svg/bcftools_stats_vqc_Count_Transitions.svg",
                "reports/multiqc_plots/svg/bcftools_stats_vqc_Count_Transversions.svg",
                "reports/multiqc_plots/svg/fastp-insert-size-plot.svg",
                "reports/multiqc_plots/svg/fastp-seq-content-gc-plot_Read_1_After_filtering.svg",
                "reports/multiqc_plots/svg/fastp-seq-content-gc-plot_Read_1_Before_filtering.svg",
                "reports/multiqc_plots/svg/fastp-seq-content-gc-plot_Read_2_After_filtering.svg",
                "reports/multiqc_plots/svg/fastp-seq-content-gc-plot_Read_2_Before_filtering.svg",
                "reports/multiqc_plots/svg/fastp-seq-content-n-plot_Read_1_After_filtering.svg",
                "reports/multiqc_plots/svg/fastp-seq-content-n-plot_Read_1_Before_filtering.svg",
                "reports/multiqc_plots/svg/fastp-seq-content-n-plot_Read_2_After_filtering.svg",
                "reports/multiqc_plots/svg/fastp-seq-content-n-plot_Read_2_Before_filtering.svg",
                "reports/multiqc_plots/svg/fastp-seq-quality-plot_Read_1_After_filtering.svg",
                "reports/multiqc_plots/svg/fastp-seq-quality-plot_Read_1_Before_filtering.svg",
                "reports/multiqc_plots/svg/fastp-seq-quality-plot_Read_2_After_filtering.svg",
                "reports/multiqc_plots/svg/fastp-seq-quality-plot_Read_2_Before_filtering.svg",
                "reports/multiqc_plots/svg/fastp_filtered_reads_plot-cnt.svg",
                "reports/multiqc_plots/svg/fastp_filtered_reads_plot-pct.svg",
                "reports/multiqc_plots/svg/fastqc-status-check-heatmap.svg",
                "reports/multiqc_plots/svg/fastqc_adapter_content_plot.svg",
                "reports/multiqc_plots/svg/fastqc_per_base_n_content_plot.svg",
                "reports/multiqc_plots/svg/fastqc_per_base_sequence_quality_plot.svg",
                "reports/multiqc_plots/svg/fastqc_per_sequence_gc_content_plot_Counts.svg",
                "reports/multiqc_plots/svg/fastqc_per_sequence_gc_content_plot_Percentages.svg",
                "reports/multiqc_plots/svg/fastqc_per_sequence_quality_scores_plot.svg",
                "reports/multiqc_plots/svg/fastqc_sequence_counts_plot-cnt.svg",
                "reports/multiqc_plots/svg/fastqc_sequence_counts_plot-pct.svg",
                "reports/multiqc_plots/svg/fastqc_sequence_duplication_levels_plot.svg",
                "reports/multiqc_plots/svg/gatk-base-recalibrator-quality-scores-plot_Pre-recalibration_Count.svg",
                "reports/multiqc_plots/svg/gatk-base-recalibrator-quality-scores-plot_Pre-recalibration_Percent.svg",
                "reports/multiqc_plots/svg/gatk-base-recalibrator-reported-empirical-plot.svg",
                "reports/multiqc_plots/svg/mosdepth-coverage-per-contig-single-cnt.svg",
                "reports/multiqc_plots/svg/mosdepth-coverage-per-contig-single-pct.svg",
                "reports/multiqc_plots/svg/mosdepth-cumcoverage-dist-id.svg",
                "reports/multiqc_plots/svg/picard_deduplication-cnt.svg",
                "reports/multiqc_plots/svg/picard_deduplication-pct.svg",
                "reports/multiqc_plots/svg/samtools-stats-dp.svg",
                "reports/multiqc_plots/svg/samtools_alignment_plot-cnt.svg",
                "reports/multiqc_plots/svg/samtools_alignment_plot-pct.svg",
                "reports/multiqc_plots/svg/star_alignment_plot-cnt.svg",
                "reports/multiqc_plots/svg/star_alignment_plot-pct.svg",
                "reports/multiqc_plots/svg/star_summary_table.svg",
                "reports/multiqc_plots/svg/vcftools_tstv_by_count.svg",
                "reports/multiqc_report.html",
                "reports/samtools",
                "reports/samtools/TCRBOA7-N",
                "reports/samtools/TCRBOA7-N/TCRBOA7-N.recal.cram.stats",
                "reports/samtools/TCRBOA7-T",
                "reports/samtools/TCRBOA7-T-RNA",
                "reports/samtools/TCRBOA7-T-RNA/TCRBOA7-T-RNA.idxstats",
                "reports/samtools/TCRBOA7-T-RNA/TCRBOA7-T-RNA.recal.cram.stats",
                "reports/samtools/TCRBOA7-T-RNA/TCRBOA7-T-RNA.stats",
                "reports/samtools/TCRBOA7-T/TCRBOA7-T.recal.cram.stats",
                "reports/samtools/markduplicates",
                "reports/samtools/markduplicates/samtools_stats",
                "reports/samtools/markduplicates/samtools_stats/TCRBOA7-N.md.cram.stats",
                "reports/samtools/markduplicates/samtools_stats/TCRBOA7-T-RNA.md.cram.stats",
                "reports/samtools/markduplicates/samtools_stats/TCRBOA7-T.md.cram.stats",
                "reports/vcftools",
                "reports/vcftools/strelka",
                "reports/vcftools/strelka/TCRBOA7-T-RNA_vs_TCRBOA7-N",
                "reports/vcftools/strelka/TCRBOA7-T-RNA_vs_TCRBOA7-N/TCRBOA7-T-RNA_vs_TCRBOA7-N.strelka.variants.FILTER.summary",
                "reports/vcftools/strelka/TCRBOA7-T-RNA_vs_TCRBOA7-N/TCRBOA7-T-RNA_vs_TCRBOA7-N.strelka.variants.TsTv.count",
                "reports/vcftools/strelka/TCRBOA7-T-RNA_vs_TCRBOA7-N/TCRBOA7-T-RNA_vs_TCRBOA7-N.strelka.variants.TsTv.qual",
                "reports/vcftools/strelka/TCRBOA7-T_vs_TCRBOA7-N",
                "reports/vcftools/strelka/TCRBOA7-T_vs_TCRBOA7-N/TCRBOA7-T_vs_TCRBOA7-N.strelka.variants.FILTER.summary",
                "reports/vcftools/strelka/TCRBOA7-T_vs_TCRBOA7-N/TCRBOA7-T_vs_TCRBOA7-N.strelka.variants.TsTv.count",
                "reports/vcftools/strelka/TCRBOA7-T_vs_TCRBOA7-N/TCRBOA7-T_vs_TCRBOA7-N.strelka.variants.TsTv.qual",
                "samtools",
                "samtools/TCRBOA7-T-RNA.flagstat",
                "variant_calling",
                "variant_calling/strelka",
                "variant_calling/strelka/TCRBOA7-T-RNA_vs_TCRBOA7-N",
                "variant_calling/strelka/TCRBOA7-T-RNA_vs_TCRBOA7-N/TCRBOA7-T-RNA_vs_TCRBOA7-N.strelka.variants.vcf.gz",
                "variant_calling/strelka/TCRBOA7-T-RNA_vs_TCRBOA7-N/TCRBOA7-T-RNA_vs_TCRBOA7-N.strelka.variants.vcf.gz.tbi",
                "variant_calling/strelka/TCRBOA7-T_vs_TCRBOA7-N",
                "variant_calling/strelka/TCRBOA7-T_vs_TCRBOA7-N/TCRBOA7-T_vs_TCRBOA7-N.strelka.variants.vcf.gz",
                "variant_calling/strelka/TCRBOA7-T_vs_TCRBOA7-N/TCRBOA7-T_vs_TCRBOA7-N.strelka.variants.vcf.gz.tbi"
            ],
            [
                "TCRBOA7-T-RNA_vs_TCRBOA7-N.strelka.maf:md5,954ff0d996607a59669af9bc8dadea56",
                "TCRBOA7-T_vs_TCRBOA7-N.strelka.maf:md5,fae7532e022765fcbeaf2f1419a2139f",
                "markduplicates.csv:md5,61da8b8b4ac038c7e7e7b428c24e3140",
                "markduplicates_no_table.csv:md5,17a5ec4632c7032fc6de766e5f49eb06",
                "recalibrated.csv:md5,3664bd53da1e194376d4c68168a49f18",
                "variantcalled.csv:md5,682d69c1894c3036a53b92a9623cf107",
                "TCRBOA7-T-RNA_vs_TCRBOA7-N.filtered.maf:md5,184db72b9501f2d16e44cf1f478c29f2",
                "TCRBOA7-T_vs_TCRBOA7-N.filtered.maf:md5,84d4dafe5b00520c66adf090208e8f5c",
                "TCRBOA7-N.recal.table:md5,4771abf3f2f413562282d88d16fd6ad0",
                "TCRBOA7-T-RNA.recal.table:md5,18cf3ff38a750f9ee8b82ede645a5bf8",
                "TCRBOA7-T.recal.table:md5,9730abf3cc295cdab573dde542116517",
                "TCRBOA7-T-RNA_vs_TCRBOA7-N.strelka.variants.bcftools_stats.txt:md5,01cc213c7d8fb9fc4d809cc711aea15a",
                "TCRBOA7-T_vs_TCRBOA7-N.strelka.variants.bcftools_stats.txt:md5,6fe48ebdf8eb1b1996520a8775de35a1",
                "TCRBOA7-N.md.mosdepth.global.dist.txt:md5,c3850b2f2be5742f87bab3f446aed477",
                "TCRBOA7-N.md.mosdepth.summary.txt:md5,c9b752548642fb18f2ec818db5db6475",
                "TCRBOA7-N.md.per-base.bed.gz:md5,db5b8c4b07a8494a03d6cd17a834b7d5",
                "TCRBOA7-N.md.per-base.bed.gz.csi:md5,26df70bbe6198e6b00b35d80d5869ee2",
                "TCRBOA7-N.recal.mosdepth.global.dist.txt:md5,c3850b2f2be5742f87bab3f446aed477",
                "TCRBOA7-N.recal.mosdepth.summary.txt:md5,c9b752548642fb18f2ec818db5db6475",
                "TCRBOA7-N.recal.per-base.bed.gz:md5,db5b8c4b07a8494a03d6cd17a834b7d5",
                "TCRBOA7-N.recal.per-base.bed.gz.csi:md5,26df70bbe6198e6b00b35d80d5869ee2",
                "TCRBOA7-T-RNA.md.mosdepth.global.dist.txt:md5,312a54ef56d58ffacbd78e0079b139c8",
                "TCRBOA7-T-RNA.md.mosdepth.summary.txt:md5,2679d493c35a1e03ac05167e2b616399",
                "TCRBOA7-T-RNA.md.per-base.bed.gz:md5,ef682ae010236bf2683fd09ecbdf14c1",
                "TCRBOA7-T-RNA.md.per-base.bed.gz.csi:md5,caeb8f9311d4c873b4f5a7c7b97267e8",
                "TCRBOA7-T-RNA.recal.mosdepth.global.dist.txt:md5,605db9ee1dd95fbbb2872e421c987252",
                "TCRBOA7-T-RNA.recal.mosdepth.summary.txt:md5,95f1e8f8e79baa4326d50bcdf29d1100",
                "TCRBOA7-T-RNA.recal.per-base.bed.gz:md5,20b7ce6da1fbb62225447f65c77cb31a",
                "TCRBOA7-T-RNA.recal.per-base.bed.gz.csi:md5,7f299689272bfc93e46c4a19466b5b85",
                "TCRBOA7-T.md.mosdepth.global.dist.txt:md5,c001a2f095b4f6c00af48264d41730ea",
                "TCRBOA7-T.md.mosdepth.summary.txt:md5,0daef9dceaa0e33a59b678a63db883f4",
                "TCRBOA7-T.md.per-base.bed.gz:md5,aeed88b4172eb605a610e295a459f053",
                "TCRBOA7-T.md.per-base.bed.gz.csi:md5,057003c763e938d238937d9a419509e9",
                "TCRBOA7-T.recal.mosdepth.global.dist.txt:md5,c001a2f095b4f6c00af48264d41730ea",
                "TCRBOA7-T.recal.mosdepth.summary.txt:md5,0daef9dceaa0e33a59b678a63db883f4",
                "TCRBOA7-T.recal.per-base.bed.gz:md5,aeed88b4172eb605a610e295a459f053",
                "TCRBOA7-T.recal.per-base.bed.gz.csi:md5,057003c763e938d238937d9a419509e9",
                "bcftools-stats-subtypes.txt:md5,d36f477ecbb5347152b6014a3b20f011",
                "bcftools_stats_indel-lengths.txt:md5,7be58eb16d9256dccd981f962c6e4fac",
                "bcftools_stats_variant_depths.txt:md5,01c4a736a316a06151a5f2f69c346cd5",
                "bcftools_stats_vqc_Count_Indels.txt:md5,0cd173594fa40f7c910d5ff1ee99259e",
                "bcftools_stats_vqc_Count_SNP.txt:md5,6594a844edad6b75c184fe6823879322",
                "bcftools_stats_vqc_Count_Transitions.txt:md5,2f0a008a7de7d1d1f0e6978985288c94",
                "bcftools_stats_vqc_Count_Transversions.txt:md5,4b2f6dc466fbf6f5a1e5d0716c93fecf",
                "fastp-insert-size-plot.txt:md5,1c6f1e5eb32fe461330b3eb60390f5bf",
                "fastp-seq-content-gc-plot_Read_1_After_filtering.txt:md5,6962be73e70897a05035112bbce4363f",
                "fastp-seq-content-gc-plot_Read_1_Before_filtering.txt:md5,6962be73e70897a05035112bbce4363f",
                "fastp-seq-content-gc-plot_Read_2_After_filtering.txt:md5,b5d185068eaa813867bb39e18809773c",
                "fastp-seq-content-gc-plot_Read_2_Before_filtering.txt:md5,b5d185068eaa813867bb39e18809773c",
                "fastp-seq-content-n-plot_Read_1_After_filtering.txt:md5,8e24e25dfe582e3ae7a3cfd0b1deb4d8",
                "fastp-seq-content-n-plot_Read_1_Before_filtering.txt:md5,8e24e25dfe582e3ae7a3cfd0b1deb4d8",
                "fastp-seq-content-n-plot_Read_2_After_filtering.txt:md5,0350dab3999937883c476c828cf2b2c6",
                "fastp-seq-content-n-plot_Read_2_Before_filtering.txt:md5,0350dab3999937883c476c828cf2b2c6",
                "fastp-seq-quality-plot_Read_1_After_filtering.txt:md5,edb530cc58b23edd2ef054922458d0be",
                "fastp-seq-quality-plot_Read_1_Before_filtering.txt:md5,edb530cc58b23edd2ef054922458d0be",
                "fastp-seq-quality-plot_Read_2_After_filtering.txt:md5,e962c43505ef7b20077675c229e72b59",
                "fastp-seq-quality-plot_Read_2_Before_filtering.txt:md5,e962c43505ef7b20077675c229e72b59",
                "fastp_filtered_reads_plot.txt:md5,40475f65006743bee87baab6d7bd810a",
                "fastqc-status-check-heatmap.txt:md5,c679b9e431c5c2650bcfbe94a0f3ef3f",
                "fastqc_adapter_content_plot.txt:md5,3a1237a6d2d0ff01a96c4339ea4191f1",
                "fastqc_per_base_n_content_plot.txt:md5,e8a388f7099e77e16ed7acc162810ed3",
                "fastqc_per_base_sequence_quality_plot.txt:md5,ba284f86352cae1a0958a323e4f1176b",
                "fastqc_per_sequence_gc_content_plot_Counts.txt:md5,b1bb253802e15456404068894da5e4ef",
                "fastqc_per_sequence_gc_content_plot_Percentages.txt:md5,1af1e0e559adca79c5c33ed00665e578",
                "fastqc_per_sequence_quality_scores_plot.txt:md5,d34635e5910b9584da5d12bafd5406ae",
                "fastqc_sequence_counts_plot.txt:md5,7ad0ab5f237a6bacf3dcb5944b37b45a",
                "fastqc_sequence_duplication_levels_plot.txt:md5,a4cb248cbba03ff83461d2d68af46236",
                "gatk-base-recalibrator-quality-scores-plot_Pre-recalibration_Count.txt:md5,c9accf67c05fab62dd6da76bf6654347",
                "gatk-base-recalibrator-quality-scores-plot_Pre-recalibration_Percent.txt:md5,9659c7e57b46a7e415448d2be77e0744",
                "gatk-base-recalibrator-reported-empirical-plot.txt:md5,48e8db9c52b2ed16c26d85e7545c5fe7",
                "gatk_base_recalibrator.txt:md5,b5b7465312b93c9b8f36f59d7903f39e",
                "mosdepth-coverage-per-contig-single.txt:md5,243084ec9cb79976f423f45ae2de125c",
                "mosdepth-cumcoverage-dist-id.txt:md5,10008157db9c787610b168153fb3bde9",
                "mosdepth_cov_dist.txt:md5,66ce1b36012c8157e78990ee7edd60e4",
                "mosdepth_cumcov_dist.txt:md5,66ce1b36012c8157e78990ee7edd60e4",
                "mosdepth_perchrom.txt:md5,243084ec9cb79976f423f45ae2de125c",
                "multiqc.parquet:md5,147ffa9e4be88bc06b971caa5a7936a1",
                "multiqc_bcftools_stats.txt:md5,be374492fa22704213b3f9abff3093eb",
                "multiqc_citations.txt:md5,451006f9c45cb544ccd4ff9cdd218ecf",
                "multiqc_fastp.txt:md5,66184e308a5a8fdf67e971199111c7d5",
                "multiqc_fastqc.txt:md5,39fbe98c6858fee6cb3841b1d9baf240",
                "multiqc_picard_dups.txt:md5,115620014ad23162d2d362d865a8690d",
                "picard_MarkIlluminaAdapters_histogram.txt:md5,d41d8cd98f00b204e9800998ecf8427e",
                "picard_MeanQualityByCycle_histogram.txt:md5,d41d8cd98f00b204e9800998ecf8427e",
                "picard_MeanQualityByCycle_histogram_1.txt:md5,d41d8cd98f00b204e9800998ecf8427e",
                "picard_QualityScoreDistribution_histogram.txt:md5,d41d8cd98f00b204e9800998ecf8427e",
                "picard_deduplication.txt:md5,0e861a27523f567b6f7eed886d7d645a",
                "vcftools_tstv_by_count.txt:md5,b4d556d65f2efdb689bc2554d0cc49b7",
                "vcftools_tstv_by_qual.txt:md5,78a89acb80baaffbf43d4ee17b9f4d47",
                "TCRBOA7-T-RNA_vs_TCRBOA7-N.strelka.variants.FILTER.summary:md5,a5d2a000d379b5ed0a7b142df4bd0bde",
                "TCRBOA7-T-RNA_vs_TCRBOA7-N.strelka.variants.TsTv.count:md5,cbcde4640046ff945417a6678f41beae",
                "TCRBOA7-T-RNA_vs_TCRBOA7-N.strelka.variants.TsTv.qual:md5,a25956050eab7614fde110c577cde3ff",
                "TCRBOA7-T_vs_TCRBOA7-N.strelka.variants.FILTER.summary:md5,6c47080ddcb5a1ff8c690732f3a81eff",
                "TCRBOA7-T_vs_TCRBOA7-N.strelka.variants.TsTv.count:md5,5b63c8b3aa96cf92726b576d2cb7da12",
                "TCRBOA7-T_vs_TCRBOA7-N.strelka.variants.TsTv.qual:md5,29da677ef4e152719905df4b2b7cb798"
            ]
        ],
        "meta": {
            "nf-test": "0.9.2",
            "nextflow": "25.04.6"
        },
        "timestamp": "2025-11-05T15:42:48.705984"
    }
}