{
    "-profile test": {
        "content": [
            {
                "BCFTOOLS_STATS": {
                    "bcftools": "1.23.1"
                },
                "BWAMEM1_INDEX": {
                    "bwa": "0.7.19-r1273"
                },
                "BWAMEM1_MEM": {
                    "bwa": "0.7.19-r1273",
                    "samtools": "1.22.1"
                },
                "FASTP": {
                    "fastp": "1.1.0"
                },
                "FASTQC": {
                    "fastqc": "0.12.1"
                },
                "FILTERING": {
                    "python": "3.9.13"
                },
                "GATK4_APPLYBQSR": {
                    "gatk4": "4.6.2.0"
                },
                "GATK4_BASERECALIBRATOR": {
                    "gatk4": "4.6.2.0"
                },
                "GATK4_CREATESEQUENCEDICTIONARY": {
                    "gatk4": "4.6.2.0"
                },
                "GATK4_MARKDUPLICATES": {
                    "gatk4": "4.6.2.0",
                    "samtools": 1.21
                },
                "INDEX_CRAM": {
                    "samtools": "1.23.1"
                },
                "MERGE_STRELKA": {
                    "gatk4": "4.6.2.0"
                },
                "MOSDEPTH": {
                    "gzip": 1.14,
                    "mosdepth": "0.3.14"
                },
                "SAMTOOLS_FAIDX": {
                    "samtools": "1.23.1"
                },
                "SAMTOOLS_STATS": {
                    "samtools": "1.23.1"
                },
                "STAR_GENOMEGENERATE": {
                    "star": "2.7.11b"
                },
                "STRELKA_SOMATIC": {
                    "strelka": "2.9.10"
                },
                "TABIX_DBSNP": {
                    "htslib": "1.23.1",
                    "xz": "5.8.3"
                },
                "VCF2MAF": {
                    "vcf2maf": "1.6.21"
                },
                "VCFTOOLS_TSTV_COUNT": {
                    "vcftools": "0.1.16"
                }
            },
            [
                "consensus",
                "consensus/vcf2maf",
                "consensus/vcf2maf/TCRBOA7-T_vs_TCRBOA7-N",
                "consensus/vcf2maf/TCRBOA7-T_vs_TCRBOA7-N/TCRBOA7-T_vs_TCRBOA7-N.strelka.maf",
                "csv",
                "csv/markduplicates.csv",
                "csv/markduplicates_no_table.csv",
                "csv/recalibrated.csv",
                "csv/variantcalled.csv",
                "filtering",
                "filtering/TCRBOA7-T_vs_TCRBOA7-N",
                "filtering/TCRBOA7-T_vs_TCRBOA7-N/TCRBOA7-T_vs_TCRBOA7-N.filtered.maf",
                "pipeline_info",
                "pipeline_info/nf_core_rnadnavar_software_mqc_versions.yml",
                "preprocessing",
                "preprocessing/markduplicates",
                "preprocessing/markduplicates/TCRBOA7-N",
                "preprocessing/markduplicates/TCRBOA7-N/TCRBOA7-N.md.cram",
                "preprocessing/markduplicates/TCRBOA7-N/TCRBOA7-N.md.cram.crai",
                "preprocessing/markduplicates/TCRBOA7-T",
                "preprocessing/markduplicates/TCRBOA7-T/TCRBOA7-T.md.cram",
                "preprocessing/markduplicates/TCRBOA7-T/TCRBOA7-T.md.cram.crai",
                "preprocessing/recal_table",
                "preprocessing/recal_table/TCRBOA7-N",
                "preprocessing/recal_table/TCRBOA7-N/TCRBOA7-N.recal.table",
                "preprocessing/recal_table/TCRBOA7-T",
                "preprocessing/recal_table/TCRBOA7-T/TCRBOA7-T.recal.table",
                "preprocessing/recalibrated",
                "preprocessing/recalibrated/TCRBOA7-N",
                "preprocessing/recalibrated/TCRBOA7-N/TCRBOA7-N.recal.cram",
                "preprocessing/recalibrated/TCRBOA7-N/TCRBOA7-N.recal.cram.crai",
                "preprocessing/recalibrated/TCRBOA7-T",
                "preprocessing/recalibrated/TCRBOA7-T/TCRBOA7-T.recal.cram",
                "preprocessing/recalibrated/TCRBOA7-T/TCRBOA7-T.recal.cram.crai",
                "reports",
                "reports/bcftools",
                "reports/bcftools/strelka",
                "reports/bcftools/strelka/TCRBOA7-T_vs_TCRBOA7-N",
                "reports/bcftools/strelka/TCRBOA7-T_vs_TCRBOA7-N/TCRBOA7-T_vs_TCRBOA7-N.strelka.variants.bcftools_stats.txt",
                "reports/fastp",
                "reports/fastp/TCRBOA7-N",
                "reports/fastp/TCRBOA7-N/TCRBOA7-N-LX.fastp.html",
                "reports/fastp/TCRBOA7-N/TCRBOA7-N-LX.fastp.json",
                "reports/fastp/TCRBOA7-N/TCRBOA7-N-LX.fastp.log",
                "reports/fastp/TCRBOA7-T",
                "reports/fastp/TCRBOA7-T-RNA",
                "reports/fastp/TCRBOA7-T-RNA/TCRBOA7-T-RNA-LX.fastp.html",
                "reports/fastp/TCRBOA7-T-RNA/TCRBOA7-T-RNA-LX.fastp.json",
                "reports/fastp/TCRBOA7-T-RNA/TCRBOA7-T-RNA-LX.fastp.log",
                "reports/fastp/TCRBOA7-T/TCRBOA7-T-LX.fastp.html",
                "reports/fastp/TCRBOA7-T/TCRBOA7-T-LX.fastp.json",
                "reports/fastp/TCRBOA7-T/TCRBOA7-T-LX.fastp.log",
                "reports/fastqc",
                "reports/fastqc/TCRBOA7-N-LX",
                "reports/fastqc/TCRBOA7-N-LX/TCRBOA7-N-LX_1_fastqc.html",
                "reports/fastqc/TCRBOA7-N-LX/TCRBOA7-N-LX_1_fastqc.zip",
                "reports/fastqc/TCRBOA7-N-LX/TCRBOA7-N-LX_2_fastqc.html",
                "reports/fastqc/TCRBOA7-N-LX/TCRBOA7-N-LX_2_fastqc.zip",
                "reports/fastqc/TCRBOA7-T-LX",
                "reports/fastqc/TCRBOA7-T-LX/TCRBOA7-T-LX_1_fastqc.html",
                "reports/fastqc/TCRBOA7-T-LX/TCRBOA7-T-LX_1_fastqc.zip",
                "reports/fastqc/TCRBOA7-T-LX/TCRBOA7-T-LX_2_fastqc.html",
                "reports/fastqc/TCRBOA7-T-LX/TCRBOA7-T-LX_2_fastqc.zip",
                "reports/fastqc/TCRBOA7-T-RNA-LX",
                "reports/fastqc/TCRBOA7-T-RNA-LX/TCRBOA7-T-RNA-LX_1_fastqc.html",
                "reports/fastqc/TCRBOA7-T-RNA-LX/TCRBOA7-T-RNA-LX_1_fastqc.zip",
                "reports/fastqc/TCRBOA7-T-RNA-LX/TCRBOA7-T-RNA-LX_2_fastqc.html",
                "reports/fastqc/TCRBOA7-T-RNA-LX/TCRBOA7-T-RNA-LX_2_fastqc.zip",
                "reports/markduplicates",
                "reports/markduplicates/TCRBOA7-N",
                "reports/markduplicates/TCRBOA7-N/TCRBOA7-N.md.cram.metrics",
                "reports/markduplicates/TCRBOA7-T",
                "reports/markduplicates/TCRBOA7-T/TCRBOA7-T.md.cram.metrics",
                "reports/mosdepth",
                "reports/mosdepth/TCRBOA7-N",
                "reports/mosdepth/TCRBOA7-N/TCRBOA7-N.md.mosdepth.global.dist.txt",
                "reports/mosdepth/TCRBOA7-N/TCRBOA7-N.md.mosdepth.summary.txt",
                "reports/mosdepth/TCRBOA7-N/TCRBOA7-N.md.per-base.bed.gz",
                "reports/mosdepth/TCRBOA7-N/TCRBOA7-N.md.per-base.bed.gz.csi",
                "reports/mosdepth/TCRBOA7-N/TCRBOA7-N.recal.mosdepth.global.dist.txt",
                "reports/mosdepth/TCRBOA7-N/TCRBOA7-N.recal.mosdepth.summary.txt",
                "reports/mosdepth/TCRBOA7-N/TCRBOA7-N.recal.per-base.bed.gz",
                "reports/mosdepth/TCRBOA7-N/TCRBOA7-N.recal.per-base.bed.gz.csi",
                "reports/mosdepth/TCRBOA7-T",
                "reports/mosdepth/TCRBOA7-T/TCRBOA7-T.md.mosdepth.global.dist.txt",
                "reports/mosdepth/TCRBOA7-T/TCRBOA7-T.md.mosdepth.summary.txt",
                "reports/mosdepth/TCRBOA7-T/TCRBOA7-T.md.per-base.bed.gz",
                "reports/mosdepth/TCRBOA7-T/TCRBOA7-T.md.per-base.bed.gz.csi",
                "reports/mosdepth/TCRBOA7-T/TCRBOA7-T.recal.mosdepth.global.dist.txt",
                "reports/mosdepth/TCRBOA7-T/TCRBOA7-T.recal.mosdepth.summary.txt",
                "reports/mosdepth/TCRBOA7-T/TCRBOA7-T.recal.per-base.bed.gz",
                "reports/mosdepth/TCRBOA7-T/TCRBOA7-T.recal.per-base.bed.gz.csi",
                "reports/samtools",
                "reports/vcftools",
                "reports/vcftools/strelka",
                "reports/vcftools/strelka/TCRBOA7-T_vs_TCRBOA7-N",
                "reports/vcftools/strelka/TCRBOA7-T_vs_TCRBOA7-N/TCRBOA7-T_vs_TCRBOA7-N.strelka.variants.FILTER.summary",
                "reports/vcftools/strelka/TCRBOA7-T_vs_TCRBOA7-N/TCRBOA7-T_vs_TCRBOA7-N.strelka.variants.TsTv.count",
                "reports/vcftools/strelka/TCRBOA7-T_vs_TCRBOA7-N/TCRBOA7-T_vs_TCRBOA7-N.strelka.variants.TsTv.qual",
                "samtools",
                "samtools/TCRBOA7-T-RNA.flagstat",
                "variant_calling",
                "variant_calling/strelka",
                "variant_calling/strelka/TCRBOA7-T_vs_TCRBOA7-N",
                "variant_calling/strelka/TCRBOA7-T_vs_TCRBOA7-N/TCRBOA7-T_vs_TCRBOA7-N.strelka.variants.vcf.gz",
                "variant_calling/strelka/TCRBOA7-T_vs_TCRBOA7-N/TCRBOA7-T_vs_TCRBOA7-N.strelka.variants.vcf.gz.tbi"
            ],
            [
                "TCRBOA7-T_vs_TCRBOA7-N.strelka.maf:md5,fae7532e022765fcbeaf2f1419a2139f",
                "TCRBOA7-T_vs_TCRBOA7-N.filtered.maf:md5,84d4dafe5b00520c66adf090208e8f5c",
                "TCRBOA7-N.recal.table:md5,4771abf3f2f413562282d88d16fd6ad0",
                "TCRBOA7-T.recal.table:md5,9730abf3cc295cdab573dde542116517",
                "TCRBOA7-T_vs_TCRBOA7-N.strelka.variants.bcftools_stats.txt:md5,3b3ca259d254d3a5d5e1b55c5305e451",
                "TCRBOA7-N.md.mosdepth.global.dist.txt:md5,c3850b2f2be5742f87bab3f446aed477",
                "TCRBOA7-N.md.mosdepth.summary.txt:md5,c9b752548642fb18f2ec818db5db6475",
                "TCRBOA7-N.md.per-base.bed.gz:md5,db5b8c4b07a8494a03d6cd17a834b7d5",
                "TCRBOA7-N.md.per-base.bed.gz.csi:md5,7c54e9e69d5061a757bd08d1d2d34a2b",
                "TCRBOA7-N.recal.mosdepth.global.dist.txt:md5,c3850b2f2be5742f87bab3f446aed477",
                "TCRBOA7-N.recal.mosdepth.summary.txt:md5,c9b752548642fb18f2ec818db5db6475",
                "TCRBOA7-N.recal.per-base.bed.gz:md5,db5b8c4b07a8494a03d6cd17a834b7d5",
                "TCRBOA7-N.recal.per-base.bed.gz.csi:md5,7c54e9e69d5061a757bd08d1d2d34a2b",
                "TCRBOA7-T.md.mosdepth.global.dist.txt:md5,c001a2f095b4f6c00af48264d41730ea",
                "TCRBOA7-T.md.mosdepth.summary.txt:md5,0daef9dceaa0e33a59b678a63db883f4",
                "TCRBOA7-T.md.per-base.bed.gz:md5,aeed88b4172eb605a610e295a459f053",
                "TCRBOA7-T.md.per-base.bed.gz.csi:md5,f992ff01a33640fd56108000e914d24e",
                "TCRBOA7-T.recal.mosdepth.global.dist.txt:md5,c001a2f095b4f6c00af48264d41730ea",
                "TCRBOA7-T.recal.mosdepth.summary.txt:md5,0daef9dceaa0e33a59b678a63db883f4",
                "TCRBOA7-T.recal.per-base.bed.gz:md5,aeed88b4172eb605a610e295a459f053",
                "TCRBOA7-T.recal.per-base.bed.gz.csi:md5,f992ff01a33640fd56108000e914d24e",
                "TCRBOA7-T_vs_TCRBOA7-N.strelka.variants.FILTER.summary:md5,6c47080ddcb5a1ff8c690732f3a81eff",
                "TCRBOA7-T_vs_TCRBOA7-N.strelka.variants.TsTv.count:md5,5b63c8b3aa96cf92726b576d2cb7da12",
                "TCRBOA7-T_vs_TCRBOA7-N.strelka.variants.TsTv.qual:md5,29da677ef4e152719905df4b2b7cb798"
            ]
        ],
        "timestamp": "2026-06-17T15:17:01.210822205",
        "meta": {
            "nf-test": "0.9.5",
            "nextflow": "26.04.3"
        }
    }
}