{
    "Run with -profile test_full --input tests/csv/3.0/trbc_recalibrated.csv": {
        "content": [
            174,
            {
                "BCFTOOLS_STATS": {
                    "bcftools": 1.21
                },
                "BGZIPTABIX_VC_SAGE": {
                    "tabix": 1.21
                },
                "CALCULATECONTAMINATION": {
                    "gatk4": "4.6.1.0"
                },
                "ENSEMBLVEP_VEP": {
                    "ensemblvep": 113.0,
                    "tabix": 1.21
                },
                "FILTERING": {
                    "python": "Python 3.9.13"
                },
                "FILTERMUTECTCALLS": {
                    "gatk4": "4.6.1.0"
                },
                "GATK4_CREATESEQUENCEDICTIONARY": {
                    "gatk4": "4.6.1.0"
                },
                "GATK4_MARKDUPLICATES": {
                    "gatk4": "4.6.1.0",
                    "samtools": 1.21
                },
                "GATK4_SPLITNCIGARREADS": {
                    "gatk4": "4.4.0.0",
                    "samtools": 1.17
                },
                "GETPILEUPSUMMARIES_NORMAL": {
                    "gatk4": "4.6.1.0"
                },
                "GETPILEUPSUMMARIES_TUMOR": {
                    "gatk4": "4.6.1.0"
                },
                "HISAT2_BUILD": {
                    "hisat2": "2.2.1"
                },
                "HISAT2_EXTRACTSPLICESITES": {
                    "hisat2": "2.2.1"
                },
                "INDEX_CRAM": {
                    "samtools": 1.21
                },
                "LEARNREADORIENTATIONMODEL": {
                    "gatk4": "4.6.1.0"
                },
                "MERGE_STRELKA": {
                    "gatk4": "4.6.1.0"
                },
                "MOSDEPTH": {
                    "mosdepth": "0.3.10"
                },
                "MUTECT2_PAIRED": {
                    "gatk4": "4.6.1.0"
                },
                "RNA_FILTERING": {
                    "python": "Python 3.9.19"
                },
                "SAGE": {
                    "SAGE": "3.2.3"
                },
                "SAMTOOLS_FAIDX": {
                    "samtools": 1.21
                },
                "SAMTOOLS_STATS": {
                    "samtools": 1.21
                },
                "STRELKA_SOMATIC": {
                    "strelka": "2.9.10"
                },
                "TABIX_DBSNP": {
                    "tabix": 1.21
                },
                "TABIX_GERMLINE_RESOURCE": {
                    "tabix": 1.21
                },
                "TABIX_TABIX": {
                    "tabix": 1.21
                },
                "UNBGZIP_FASTA": {
                    "tabix": 1.21
                },
                "UNZIP_SAGE_ENSEMBL": {
                    "7za": 16.02
                },
                "UNZIP_VEP_CACHE": {
                    "7za": 16.02
                },
                "VCF2MAF": {
                    "vcf2maf": "1.6.21"
                },
                "VCFTOOLS_TSTV_COUNT": {
                    "vcftools": "0.1.16"
                },
                "VT_DECOMPOSE": {
                    "vt": "2015.11.10"
                },
                "VT_NORMALIZE": {
                    "vt": "2015.11.10"
                },
                "Workflow": {
                    "nf-core/rnadnavar": "v1.0dev"
                }
            },
            [
                "annotation",
                "annotation/mutect2",
                "annotation/mutect2/TCRBOA7-T-RNA_realign_vs_TCRBOA7-N_realign",
                "annotation/mutect2/TCRBOA7-T-RNA_realign_vs_TCRBOA7-N_realign/TCRBOA7-T-RNA_realign_vs_TCRBOA7-N_realign.mutect2.filtered.dec.norm_VEP.ann.vcf.gz",
                "annotation/mutect2/TCRBOA7-T-RNA_realign_vs_TCRBOA7-N_realign/TCRBOA7-T-RNA_realign_vs_TCRBOA7-N_realign.mutect2.filtered.dec.norm_VEP.ann.vcf.gz.tbi",
                "annotation/mutect2/TCRBOA7-T-RNA_vs_TCRBOA7-N",
                "annotation/mutect2/TCRBOA7-T-RNA_vs_TCRBOA7-N/TCRBOA7-T-RNA_vs_TCRBOA7-N.mutect2.filtered.dec.norm_VEP.ann.vcf.gz",
                "annotation/mutect2/TCRBOA7-T-RNA_vs_TCRBOA7-N/TCRBOA7-T-RNA_vs_TCRBOA7-N.mutect2.filtered.dec.norm_VEP.ann.vcf.gz.tbi",
                "annotation/mutect2/TCRBOA7-T_vs_TCRBOA7-N",
                "annotation/mutect2/TCRBOA7-T_vs_TCRBOA7-N/TCRBOA7-T_vs_TCRBOA7-N.mutect2.filtered.dec.norm_VEP.ann.vcf.gz",
                "annotation/mutect2/TCRBOA7-T_vs_TCRBOA7-N/TCRBOA7-T_vs_TCRBOA7-N.mutect2.filtered.dec.norm_VEP.ann.vcf.gz.tbi",
                "annotation/sage",
                "annotation/sage/TCRBOA7-T-RNA_realign_vs_TCRBOA7-N_realign",
                "annotation/sage/TCRBOA7-T-RNA_realign_vs_TCRBOA7-N_realign/TCRBOA7-T-RNA_realign_vs_TCRBOA7-N_realign.dec.norm_VEP.ann.vcf.gz",
                "annotation/sage/TCRBOA7-T-RNA_realign_vs_TCRBOA7-N_realign/TCRBOA7-T-RNA_realign_vs_TCRBOA7-N_realign.dec.norm_VEP.ann.vcf.gz.tbi",
                "annotation/sage/TCRBOA7-T-RNA_vs_TCRBOA7-N",
                "annotation/sage/TCRBOA7-T-RNA_vs_TCRBOA7-N/TCRBOA7-T-RNA_vs_TCRBOA7-N.dec.norm_VEP.ann.vcf.gz",
                "annotation/sage/TCRBOA7-T-RNA_vs_TCRBOA7-N/TCRBOA7-T-RNA_vs_TCRBOA7-N.dec.norm_VEP.ann.vcf.gz.tbi",
                "annotation/sage/TCRBOA7-T_vs_TCRBOA7-N",
                "annotation/sage/TCRBOA7-T_vs_TCRBOA7-N/TCRBOA7-T_vs_TCRBOA7-N.dec.norm_VEP.ann.vcf.gz",
                "annotation/sage/TCRBOA7-T_vs_TCRBOA7-N/TCRBOA7-T_vs_TCRBOA7-N.dec.norm_VEP.ann.vcf.gz.tbi",
                "annotation/strelka",
                "annotation/strelka/TCRBOA7-T-RNA_realign_vs_TCRBOA7-N_realign",
                "annotation/strelka/TCRBOA7-T-RNA_realign_vs_TCRBOA7-N_realign/TCRBOA7-T-RNA_realign_vs_TCRBOA7-N_realign.strelka.variants.dec.norm_VEP.ann.vcf.gz",
                "annotation/strelka/TCRBOA7-T-RNA_realign_vs_TCRBOA7-N_realign/TCRBOA7-T-RNA_realign_vs_TCRBOA7-N_realign.strelka.variants.dec.norm_VEP.ann.vcf.gz.tbi",
                "annotation/strelka/TCRBOA7-T-RNA_vs_TCRBOA7-N",
                "annotation/strelka/TCRBOA7-T-RNA_vs_TCRBOA7-N/TCRBOA7-T-RNA_vs_TCRBOA7-N.strelka.variants.dec.norm_VEP.ann.vcf.gz",
                "annotation/strelka/TCRBOA7-T-RNA_vs_TCRBOA7-N/TCRBOA7-T-RNA_vs_TCRBOA7-N.strelka.variants.dec.norm_VEP.ann.vcf.gz.tbi",
                "annotation/strelka/TCRBOA7-T_vs_TCRBOA7-N",
                "annotation/strelka/TCRBOA7-T_vs_TCRBOA7-N/TCRBOA7-T_vs_TCRBOA7-N.strelka.variants.dec.norm_VEP.ann.vcf.gz",
                "annotation/strelka/TCRBOA7-T_vs_TCRBOA7-N/TCRBOA7-T_vs_TCRBOA7-N.strelka.variants.dec.norm_VEP.ann.vcf.gz.tbi",
                "consensus",
                "consensus/consensus",
                "consensus/consensus/TCRBOA7-T-RNA_realign_vs_TCRBOA7-N_realign",
                "consensus/consensus/TCRBOA7-T-RNA_realign_vs_TCRBOA7-N_realign/TCRBOA7-T-RNA_realign_vs_TCRBOA7-N_realign.consensus.maf",
                "consensus/consensus/TCRBOA7-T-RNA_realign_vs_TCRBOA7-N_realign/TCRBOA7-T-RNA_realign_vs_TCRBOA7-N_realign.consensus_mutect2.maf",
                "consensus/consensus/TCRBOA7-T-RNA_realign_vs_TCRBOA7-N_realign/TCRBOA7-T-RNA_realign_vs_TCRBOA7-N_realign.consensus_sage.maf",
                "consensus/consensus/TCRBOA7-T-RNA_realign_vs_TCRBOA7-N_realign/TCRBOA7-T-RNA_realign_vs_TCRBOA7-N_realign.consensus_strelka.maf",
                "consensus/consensus/TCRBOA7-T-RNA_realign_vs_TCRBOA7-N_realign_with_TCRBOA7-T_vs_TCRBOA7-N_with_TCRBOA7-T-RNA_vs_TCRBOA7-N",
                "consensus/consensus/TCRBOA7-T-RNA_realign_vs_TCRBOA7-N_realign_with_TCRBOA7-T_vs_TCRBOA7-N_with_TCRBOA7-T-RNA_vs_TCRBOA7-N/TCRBOA7-T-RNA_realign_vs_TCRBOA7-N_realign_with_TCRBOA7-T_vs_TCRBOA7-N_with_TCRBOA7-T-RNA_vs_TCRBOA7-N.consensus.maf",
                "consensus/consensus/TCRBOA7-T-RNA_realign_vs_TCRBOA7-N_realign_with_TCRBOA7-T_vs_TCRBOA7-N_with_TCRBOA7-T-RNA_vs_TCRBOA7-N/TCRBOA7-T-RNA_realign_vs_TCRBOA7-N_realign_with_TCRBOA7-T_vs_TCRBOA7-N_with_TCRBOA7-T-RNA_vs_TCRBOA7-N.consensus_consensus.maf",
                "consensus/consensus/TCRBOA7-T-RNA_realign_vs_TCRBOA7-N_realign_with_TCRBOA7-T_vs_TCRBOA7-N_with_TCRBOA7-T-RNA_vs_TCRBOA7-N/TCRBOA7-T-RNA_realign_vs_TCRBOA7-N_realign_with_TCRBOA7-T_vs_TCRBOA7-N_with_TCRBOA7-T-RNA_vs_TCRBOA7-N.consensus_mutect2.maf",
                "consensus/consensus/TCRBOA7-T-RNA_realign_vs_TCRBOA7-N_realign_with_TCRBOA7-T_vs_TCRBOA7-N_with_TCRBOA7-T-RNA_vs_TCRBOA7-N/TCRBOA7-T-RNA_realign_vs_TCRBOA7-N_realign_with_TCRBOA7-T_vs_TCRBOA7-N_with_TCRBOA7-T-RNA_vs_TCRBOA7-N.consensus_sage.maf",
                "consensus/consensus/TCRBOA7-T-RNA_realign_vs_TCRBOA7-N_realign_with_TCRBOA7-T_vs_TCRBOA7-N_with_TCRBOA7-T-RNA_vs_TCRBOA7-N/TCRBOA7-T-RNA_realign_vs_TCRBOA7-N_realign_with_TCRBOA7-T_vs_TCRBOA7-N_with_TCRBOA7-T-RNA_vs_TCRBOA7-N.consensus_strelka.maf",
                "consensus/consensus/TCRBOA7-T-RNA_vs_TCRBOA7-N",
                "consensus/consensus/TCRBOA7-T-RNA_vs_TCRBOA7-N/TCRBOA7-T-RNA_vs_TCRBOA7-N.consensus.maf",
                "consensus/consensus/TCRBOA7-T-RNA_vs_TCRBOA7-N/TCRBOA7-T-RNA_vs_TCRBOA7-N.consensus_mutect2.maf",
                "consensus/consensus/TCRBOA7-T-RNA_vs_TCRBOA7-N/TCRBOA7-T-RNA_vs_TCRBOA7-N.consensus_sage.maf",
                "consensus/consensus/TCRBOA7-T-RNA_vs_TCRBOA7-N/TCRBOA7-T-RNA_vs_TCRBOA7-N.consensus_strelka.maf",
                "consensus/consensus/TCRBOA7-T-RNA_vs_TCRBOA7-N_with_TCRBOA7-T_vs_TCRBOA7-N",
                "consensus/consensus/TCRBOA7-T-RNA_vs_TCRBOA7-N_with_TCRBOA7-T_vs_TCRBOA7-N/TCRBOA7-T-RNA_vs_TCRBOA7-N_with_TCRBOA7-T_vs_TCRBOA7-N.consensus.maf",
                "consensus/consensus/TCRBOA7-T-RNA_vs_TCRBOA7-N_with_TCRBOA7-T_vs_TCRBOA7-N/TCRBOA7-T-RNA_vs_TCRBOA7-N_with_TCRBOA7-T_vs_TCRBOA7-N.consensus_consensus.maf",
                "consensus/consensus/TCRBOA7-T-RNA_vs_TCRBOA7-N_with_TCRBOA7-T_vs_TCRBOA7-N/TCRBOA7-T-RNA_vs_TCRBOA7-N_with_TCRBOA7-T_vs_TCRBOA7-N.consensus_mutect2.maf",
                "consensus/consensus/TCRBOA7-T-RNA_vs_TCRBOA7-N_with_TCRBOA7-T_vs_TCRBOA7-N/TCRBOA7-T-RNA_vs_TCRBOA7-N_with_TCRBOA7-T_vs_TCRBOA7-N.consensus_sage.maf",
                "consensus/consensus/TCRBOA7-T-RNA_vs_TCRBOA7-N_with_TCRBOA7-T_vs_TCRBOA7-N/TCRBOA7-T-RNA_vs_TCRBOA7-N_with_TCRBOA7-T_vs_TCRBOA7-N.consensus_strelka.maf",
                "consensus/consensus/TCRBOA7-T_vs_TCRBOA7-N",
                "consensus/consensus/TCRBOA7-T_vs_TCRBOA7-N/TCRBOA7-T_vs_TCRBOA7-N.consensus.maf",
                "consensus/consensus/TCRBOA7-T_vs_TCRBOA7-N/TCRBOA7-T_vs_TCRBOA7-N.consensus_mutect2.maf",
                "consensus/consensus/TCRBOA7-T_vs_TCRBOA7-N/TCRBOA7-T_vs_TCRBOA7-N.consensus_sage.maf",
                "consensus/consensus/TCRBOA7-T_vs_TCRBOA7-N/TCRBOA7-T_vs_TCRBOA7-N.consensus_strelka.maf",
                "consensus/consensus/TCRBOA7-T_vs_TCRBOA7-N_with_TCRBOA7-T-RNA_realign_vs_TCRBOA7-N_realign",
                "consensus/consensus/TCRBOA7-T_vs_TCRBOA7-N_with_TCRBOA7-T-RNA_realign_vs_TCRBOA7-N_realign/TCRBOA7-T_vs_TCRBOA7-N_with_TCRBOA7-T-RNA_realign_vs_TCRBOA7-N_realign.consensus.maf",
                "consensus/consensus/TCRBOA7-T_vs_TCRBOA7-N_with_TCRBOA7-T-RNA_realign_vs_TCRBOA7-N_realign/TCRBOA7-T_vs_TCRBOA7-N_with_TCRBOA7-T-RNA_realign_vs_TCRBOA7-N_realign.consensus_consensus.maf",
                "consensus/consensus/TCRBOA7-T_vs_TCRBOA7-N_with_TCRBOA7-T-RNA_realign_vs_TCRBOA7-N_realign/TCRBOA7-T_vs_TCRBOA7-N_with_TCRBOA7-T-RNA_realign_vs_TCRBOA7-N_realign.consensus_mutect2.maf",
                "consensus/consensus/TCRBOA7-T_vs_TCRBOA7-N_with_TCRBOA7-T-RNA_realign_vs_TCRBOA7-N_realign/TCRBOA7-T_vs_TCRBOA7-N_with_TCRBOA7-T-RNA_realign_vs_TCRBOA7-N_realign.consensus_sage.maf",
                "consensus/consensus/TCRBOA7-T_vs_TCRBOA7-N_with_TCRBOA7-T-RNA_realign_vs_TCRBOA7-N_realign/TCRBOA7-T_vs_TCRBOA7-N_with_TCRBOA7-T-RNA_realign_vs_TCRBOA7-N_realign.consensus_strelka.maf",
                "consensus/consensus/TCRBOA7-T_vs_TCRBOA7-N_with_TCRBOA7-T-RNA_vs_TCRBOA7-N",
                "consensus/consensus/TCRBOA7-T_vs_TCRBOA7-N_with_TCRBOA7-T-RNA_vs_TCRBOA7-N/TCRBOA7-T_vs_TCRBOA7-N_with_TCRBOA7-T-RNA_vs_TCRBOA7-N.consensus.maf",
                "consensus/consensus/TCRBOA7-T_vs_TCRBOA7-N_with_TCRBOA7-T-RNA_vs_TCRBOA7-N/TCRBOA7-T_vs_TCRBOA7-N_with_TCRBOA7-T-RNA_vs_TCRBOA7-N.consensus_consensus.maf",
                "consensus/consensus/TCRBOA7-T_vs_TCRBOA7-N_with_TCRBOA7-T-RNA_vs_TCRBOA7-N/TCRBOA7-T_vs_TCRBOA7-N_with_TCRBOA7-T-RNA_vs_TCRBOA7-N.consensus_mutect2.maf",
                "consensus/consensus/TCRBOA7-T_vs_TCRBOA7-N_with_TCRBOA7-T-RNA_vs_TCRBOA7-N/TCRBOA7-T_vs_TCRBOA7-N_with_TCRBOA7-T-RNA_vs_TCRBOA7-N.consensus_sage.maf",
                "consensus/consensus/TCRBOA7-T_vs_TCRBOA7-N_with_TCRBOA7-T-RNA_vs_TCRBOA7-N/TCRBOA7-T_vs_TCRBOA7-N_with_TCRBOA7-T-RNA_vs_TCRBOA7-N.consensus_strelka.maf",
                "consensus/vcf2maf",
                "consensus/vcf2maf/TCRBOA7-T-RNA_realign_vs_TCRBOA7-N_realign",
                "consensus/vcf2maf/TCRBOA7-T-RNA_realign_vs_TCRBOA7-N_realign/TCRBOA7-T-RNA_realign_vs_TCRBOA7-N_realign.mutect2.maf",
                "consensus/vcf2maf/TCRBOA7-T-RNA_realign_vs_TCRBOA7-N_realign/TCRBOA7-T-RNA_realign_vs_TCRBOA7-N_realign.sage.maf",
                "consensus/vcf2maf/TCRBOA7-T-RNA_realign_vs_TCRBOA7-N_realign/TCRBOA7-T-RNA_realign_vs_TCRBOA7-N_realign.strelka.maf",
                "consensus/vcf2maf/TCRBOA7-T-RNA_vs_TCRBOA7-N",
                "consensus/vcf2maf/TCRBOA7-T-RNA_vs_TCRBOA7-N/TCRBOA7-T-RNA_vs_TCRBOA7-N.mutect2.maf",
                "consensus/vcf2maf/TCRBOA7-T-RNA_vs_TCRBOA7-N/TCRBOA7-T-RNA_vs_TCRBOA7-N.sage.maf",
                "consensus/vcf2maf/TCRBOA7-T-RNA_vs_TCRBOA7-N/TCRBOA7-T-RNA_vs_TCRBOA7-N.strelka.maf",
                "consensus/vcf2maf/TCRBOA7-T_vs_TCRBOA7-N",
                "consensus/vcf2maf/TCRBOA7-T_vs_TCRBOA7-N/TCRBOA7-T_vs_TCRBOA7-N.mutect2.maf",
                "consensus/vcf2maf/TCRBOA7-T_vs_TCRBOA7-N/TCRBOA7-T_vs_TCRBOA7-N.sage.maf",
                "consensus/vcf2maf/TCRBOA7-T_vs_TCRBOA7-N/TCRBOA7-T_vs_TCRBOA7-N.strelka.maf",
                "convert",
                "convert/TCRBOA7-N_realign.bam",
                "convert/TCRBOA7-N_realign.bam.bai",
                "convert/TCRBOA7-T-RNA_realign.bam",
                "convert/TCRBOA7-T-RNA_realign.bam.bai",
                "csv",
                "csv/annotated.csv",
                "csv/consensus.csv",
                "csv/markduplicates_no_table.csv",
                "csv/normalized.csv",
                "csv/rescued.csv",
                "csv/variantcalled.csv",
                "filtering",
                "filtering/TCRBOA7-T-RNA_realign_vs_TCRBOA7-N_realign_with_TCRBOA7-T_vs_TCRBOA7-N_with_TCRBOA7-T-RNA_vs_TCRBOA7-N",
                "filtering/TCRBOA7-T-RNA_realign_vs_TCRBOA7-N_realign_with_TCRBOA7-T_vs_TCRBOA7-N_with_TCRBOA7-T-RNA_vs_TCRBOA7-N/TCRBOA7-T-RNA_realign_vs_TCRBOA7-N_realign_with_TCRBOA7-T_vs_TCRBOA7-N_with_TCRBOA7-T-RNA_vs_TCRBOA7-N.filtered.maf",
                "filtering/TCRBOA7-T-RNA_vs_TCRBOA7-N_with_TCRBOA7-T_vs_TCRBOA7-N",
                "filtering/TCRBOA7-T-RNA_vs_TCRBOA7-N_with_TCRBOA7-T_vs_TCRBOA7-N/TCRBOA7-T-RNA_vs_TCRBOA7-N_with_TCRBOA7-T_vs_TCRBOA7-N.filtered.maf",
                "filtering/TCRBOA7-T-RNA_with_TCRBOA7-T-RNA_realign",
                "filtering/TCRBOA7-T-RNA_with_TCRBOA7-T-RNA_realign/TCRBOA7-T-RNA_realign_vs_TCRBOA7-N_realign_with_TCRBOA7-T_vs_TCRBOA7-N_with_TCRBOA7-T-RNA_vs_TCRBOA7-N.filtered.withRNAfilters.maf",
                "filtering/TCRBOA7-T-RNA_with_TCRBOA7-T-RNA_realign/TCRBOA7-T-RNA_vs_TCRBOA7-N_with_TCRBOA7-T_vs_TCRBOA7-N.filtered.withRNAfilters.maf",
                "filtering/TCRBOA7-T-RNA_with_TCRBOA7-T-RNA_realign/TCRBOA7-T-RNA_with_TCRBOA7-T-RNA_realign.rna_filt.maf",
                "filtering/TCRBOA7-T_vs_TCRBOA7-N_with_TCRBOA7-T-RNA_realign_vs_TCRBOA7-N_realign",
                "filtering/TCRBOA7-T_vs_TCRBOA7-N_with_TCRBOA7-T-RNA_realign_vs_TCRBOA7-N_realign/TCRBOA7-T_vs_TCRBOA7-N_with_TCRBOA7-T-RNA_realign_vs_TCRBOA7-N_realign.filtered.maf",
                "filtering/TCRBOA7-T_vs_TCRBOA7-N_with_TCRBOA7-T-RNA_vs_TCRBOA7-N",
                "filtering/TCRBOA7-T_vs_TCRBOA7-N_with_TCRBOA7-T-RNA_vs_TCRBOA7-N/TCRBOA7-T_vs_TCRBOA7-N_with_TCRBOA7-T-RNA_vs_TCRBOA7-N.filtered.maf",
                "normalised",
                "normalised/mutect2",
                "normalised/mutect2/TCRBOA7-T-RNA_realign_vs_TCRBOA7-N_realign",
                "normalised/mutect2/TCRBOA7-T-RNA_realign_vs_TCRBOA7-N_realign/TCRBOA7-T-RNA_realign_vs_TCRBOA7-N_realign.mutect2.filtered.dec.norm.vcf.gz",
                "normalised/mutect2/TCRBOA7-T-RNA_vs_TCRBOA7-N",
                "normalised/mutect2/TCRBOA7-T-RNA_vs_TCRBOA7-N/TCRBOA7-T-RNA_vs_TCRBOA7-N.mutect2.filtered.dec.norm.vcf.gz",
                "normalised/mutect2/TCRBOA7-T_vs_TCRBOA7-N",
                "normalised/mutect2/TCRBOA7-T_vs_TCRBOA7-N/TCRBOA7-T_vs_TCRBOA7-N.mutect2.filtered.dec.norm.vcf.gz",
                "normalised/sage",
                "normalised/sage/TCRBOA7-T-RNA_realign_vs_TCRBOA7-N_realign",
                "normalised/sage/TCRBOA7-T-RNA_realign_vs_TCRBOA7-N_realign/TCRBOA7-T-RNA_realign_vs_TCRBOA7-N_realign.dec.norm.vcf.gz",
                "normalised/sage/TCRBOA7-T-RNA_vs_TCRBOA7-N",
                "normalised/sage/TCRBOA7-T-RNA_vs_TCRBOA7-N/TCRBOA7-T-RNA_vs_TCRBOA7-N.dec.norm.vcf.gz",
                "normalised/sage/TCRBOA7-T_vs_TCRBOA7-N",
                "normalised/sage/TCRBOA7-T_vs_TCRBOA7-N/TCRBOA7-T_vs_TCRBOA7-N.dec.norm.vcf.gz",
                "normalised/strelka",
                "normalised/strelka/TCRBOA7-T-RNA_realign_vs_TCRBOA7-N_realign",
                "normalised/strelka/TCRBOA7-T-RNA_realign_vs_TCRBOA7-N_realign/TCRBOA7-T-RNA_realign_vs_TCRBOA7-N_realign.strelka.variants.dec.norm.vcf.gz",
                "normalised/strelka/TCRBOA7-T-RNA_vs_TCRBOA7-N",
                "normalised/strelka/TCRBOA7-T-RNA_vs_TCRBOA7-N/TCRBOA7-T-RNA_vs_TCRBOA7-N.strelka.variants.dec.norm.vcf.gz",
                "normalised/strelka/TCRBOA7-T_vs_TCRBOA7-N",
                "normalised/strelka/TCRBOA7-T_vs_TCRBOA7-N/TCRBOA7-T_vs_TCRBOA7-N.strelka.variants.dec.norm.vcf.gz",
                "pipeline_info",
                "pipeline_info/nf_core_rnadnavar_software_mqc_versions.yml",
                "preprocessing",
                "preprocessing/markduplicates",
                "preprocessing/markduplicates/TCRBOA7-N_realign",
                "preprocessing/markduplicates/TCRBOA7-N_realign/TCRBOA7-N_realign.md.cram",
                "preprocessing/markduplicates/TCRBOA7-N_realign/TCRBOA7-N_realign.md.cram.crai",
                "preprocessing/markduplicates/TCRBOA7-T-RNA_realign",
                "preprocessing/markduplicates/TCRBOA7-T-RNA_realign/TCRBOA7-T-RNA_realign.md.cram",
                "preprocessing/markduplicates/TCRBOA7-T-RNA_realign/TCRBOA7-T-RNA_realign.md.cram.crai",
                "preprocessing/realignment",
                "preprocessing/realignment/maf2bed",
                "preprocessing/realignment/maf2bed/TCRBOA7-N_realign",
                "preprocessing/realignment/maf2bed/TCRBOA7-N_realign/TCRBOA7-N_realign.bed",
                "preprocessing/realignment/maf2bed/TCRBOA7-T-RNA_realign",
                "preprocessing/realignment/maf2bed/TCRBOA7-T-RNA_realign/TCRBOA7-T-RNA_realign.bed",
                "preprocessing/realignment/readids",
                "preprocessing/realignment/readids/TCRBOA7-N_realign",
                "preprocessing/realignment/readids/TCRBOA7-N_realign/TCRBOA7-N_realign_IDs_all.txt",
                "preprocessing/realignment/readids/TCRBOA7-T-RNA_realign",
                "preprocessing/realignment/readids/TCRBOA7-T-RNA_realign/TCRBOA7-T-RNA_realign_IDs_all.txt",
                "preprocessing/splitncigarreads",
                "preprocessing/splitncigarreads/TCRBOA7-T-RNA_realign",
                "preprocessing/splitncigarreads/TCRBOA7-T-RNA_realign/TCRBOA7-T-RNA_realign.sncr.cram",
                "preprocessing/splitncigarreads/TCRBOA7-T-RNA_realign/TCRBOA7-T-RNA_realign.sncr.cram.crai",
                "reports",
                "reports/EnsemblVEP",
                "reports/EnsemblVEP/mutect2",
                "reports/EnsemblVEP/mutect2/TCRBOA7-T-RNA_realign_vs_TCRBOA7-N_realign",
                "reports/EnsemblVEP/mutect2/TCRBOA7-T-RNA_realign_vs_TCRBOA7-N_realign/TCRBOA7-T-RNA_realign_vs_TCRBOA7-N_realign.mutect2.filtered.dec.norm_VEP.ann.vcf.gz_summary.html",
                "reports/EnsemblVEP/mutect2/TCRBOA7-T-RNA_vs_TCRBOA7-N",
                "reports/EnsemblVEP/mutect2/TCRBOA7-T-RNA_vs_TCRBOA7-N/TCRBOA7-T-RNA_vs_TCRBOA7-N.mutect2.filtered.dec.norm_VEP.ann.vcf.gz_summary.html",
                "reports/EnsemblVEP/mutect2/TCRBOA7-T_vs_TCRBOA7-N",
                "reports/EnsemblVEP/mutect2/TCRBOA7-T_vs_TCRBOA7-N/TCRBOA7-T_vs_TCRBOA7-N.mutect2.filtered.dec.norm_VEP.ann.vcf.gz_summary.html",
                "reports/EnsemblVEP/sage",
                "reports/EnsemblVEP/sage/TCRBOA7-T-RNA_realign_vs_TCRBOA7-N_realign",
                "reports/EnsemblVEP/sage/TCRBOA7-T-RNA_realign_vs_TCRBOA7-N_realign/TCRBOA7-T-RNA_realign_vs_TCRBOA7-N_realign.dec.norm_VEP.ann.vcf.gz_summary.html",
                "reports/EnsemblVEP/sage/TCRBOA7-T-RNA_vs_TCRBOA7-N",
                "reports/EnsemblVEP/sage/TCRBOA7-T-RNA_vs_TCRBOA7-N/TCRBOA7-T-RNA_vs_TCRBOA7-N.dec.norm_VEP.ann.vcf.gz_summary.html",
                "reports/EnsemblVEP/sage/TCRBOA7-T_vs_TCRBOA7-N",
                "reports/EnsemblVEP/sage/TCRBOA7-T_vs_TCRBOA7-N/TCRBOA7-T_vs_TCRBOA7-N.dec.norm_VEP.ann.vcf.gz_summary.html",
                "reports/EnsemblVEP/strelka",
                "reports/EnsemblVEP/strelka/TCRBOA7-T-RNA_realign_vs_TCRBOA7-N_realign",
                "reports/EnsemblVEP/strelka/TCRBOA7-T-RNA_realign_vs_TCRBOA7-N_realign/TCRBOA7-T-RNA_realign_vs_TCRBOA7-N_realign.strelka.variants.dec.norm_VEP.ann.vcf.gz_summary.html",
                "reports/EnsemblVEP/strelka/TCRBOA7-T-RNA_vs_TCRBOA7-N",
                "reports/EnsemblVEP/strelka/TCRBOA7-T-RNA_vs_TCRBOA7-N/TCRBOA7-T-RNA_vs_TCRBOA7-N.strelka.variants.dec.norm_VEP.ann.vcf.gz_summary.html",
                "reports/EnsemblVEP/strelka/TCRBOA7-T_vs_TCRBOA7-N",
                "reports/EnsemblVEP/strelka/TCRBOA7-T_vs_TCRBOA7-N/TCRBOA7-T_vs_TCRBOA7-N.strelka.variants.dec.norm_VEP.ann.vcf.gz_summary.html",
                "reports/bcftools",
                "reports/bcftools/mutect2",
                "reports/bcftools/mutect2/TCRBOA7-T-RNA_realign_vs_TCRBOA7-N_realign",
                "reports/bcftools/mutect2/TCRBOA7-T-RNA_realign_vs_TCRBOA7-N_realign/TCRBOA7-T-RNA_realign_vs_TCRBOA7-N_realign.mutect2.filtered.bcftools_stats.txt",
                "reports/bcftools/mutect2/TCRBOA7-T-RNA_vs_TCRBOA7-N",
                "reports/bcftools/mutect2/TCRBOA7-T-RNA_vs_TCRBOA7-N/TCRBOA7-T-RNA_vs_TCRBOA7-N.mutect2.filtered.bcftools_stats.txt",
                "reports/bcftools/mutect2/TCRBOA7-T_vs_TCRBOA7-N",
                "reports/bcftools/mutect2/TCRBOA7-T_vs_TCRBOA7-N/TCRBOA7-T_vs_TCRBOA7-N.mutect2.filtered.bcftools_stats.txt",
                "reports/bcftools/sage",
                "reports/bcftools/sage/TCRBOA7-T-RNA_realign_vs_TCRBOA7-N_realign",
                "reports/bcftools/sage/TCRBOA7-T-RNA_realign_vs_TCRBOA7-N_realign/TCRBOA7-T-RNA_realign_vs_TCRBOA7-N_realign.bcftools_stats.txt",
                "reports/bcftools/sage/TCRBOA7-T-RNA_vs_TCRBOA7-N",
                "reports/bcftools/sage/TCRBOA7-T-RNA_vs_TCRBOA7-N/TCRBOA7-T-RNA_vs_TCRBOA7-N.bcftools_stats.txt",
                "reports/bcftools/sage/TCRBOA7-T_vs_TCRBOA7-N",
                "reports/bcftools/sage/TCRBOA7-T_vs_TCRBOA7-N/TCRBOA7-T_vs_TCRBOA7-N.bcftools_stats.txt",
                "reports/bcftools/strelka",
                "reports/bcftools/strelka/TCRBOA7-T-RNA_realign_vs_TCRBOA7-N_realign",
                "reports/bcftools/strelka/TCRBOA7-T-RNA_realign_vs_TCRBOA7-N_realign/TCRBOA7-T-RNA_realign_vs_TCRBOA7-N_realign.strelka.variants.bcftools_stats.txt",
                "reports/bcftools/strelka/TCRBOA7-T-RNA_vs_TCRBOA7-N",
                "reports/bcftools/strelka/TCRBOA7-T-RNA_vs_TCRBOA7-N/TCRBOA7-T-RNA_vs_TCRBOA7-N.strelka.variants.bcftools_stats.txt",
                "reports/bcftools/strelka/TCRBOA7-T_vs_TCRBOA7-N",
                "reports/bcftools/strelka/TCRBOA7-T_vs_TCRBOA7-N/TCRBOA7-T_vs_TCRBOA7-N.strelka.variants.bcftools_stats.txt",
                "reports/consensus",
                "reports/consensus/TCRBOA7-T-RNA_realign_vs_TCRBOA7-N_realign.consensus.pdf",
                "reports/consensus/TCRBOA7-T-RNA_realign_vs_TCRBOA7-N_realign_with_TCRBOA7-T_vs_TCRBOA7-N_with_TCRBOA7-T-RNA_vs_TCRBOA7-N.consensus.pdf",
                "reports/consensus/TCRBOA7-T-RNA_vs_TCRBOA7-N.consensus.pdf",
                "reports/consensus/TCRBOA7-T-RNA_vs_TCRBOA7-N_with_TCRBOA7-T_vs_TCRBOA7-N.consensus.pdf",
                "reports/consensus/TCRBOA7-T_vs_TCRBOA7-N.consensus.pdf",
                "reports/consensus/TCRBOA7-T_vs_TCRBOA7-N_with_TCRBOA7-T-RNA_realign_vs_TCRBOA7-N_realign.consensus.pdf",
                "reports/consensus/TCRBOA7-T_vs_TCRBOA7-N_with_TCRBOA7-T-RNA_vs_TCRBOA7-N.consensus.pdf",
                "reports/markduplicates",
                "reports/markduplicates/TCRBOA7-N_realign",
                "reports/markduplicates/TCRBOA7-N_realign/TCRBOA7-N_realign.md.cram.metrics",
                "reports/markduplicates/TCRBOA7-T-RNA_realign",
                "reports/markduplicates/TCRBOA7-T-RNA_realign/TCRBOA7-T-RNA_realign.md.cram.metrics",
                "reports/mosdepth",
                "reports/mosdepth/TCRBOA7-N_realign",
                "reports/mosdepth/TCRBOA7-N_realign/TCRBOA7-N_realign.md.mosdepth.global.dist.txt",
                "reports/mosdepth/TCRBOA7-N_realign/TCRBOA7-N_realign.md.mosdepth.summary.txt",
                "reports/mosdepth/TCRBOA7-N_realign/TCRBOA7-N_realign.md.per-base.bed.gz",
                "reports/mosdepth/TCRBOA7-N_realign/TCRBOA7-N_realign.md.per-base.bed.gz.csi",
                "reports/mosdepth/TCRBOA7-T-RNA_realign",
                "reports/mosdepth/TCRBOA7-T-RNA_realign/TCRBOA7-T-RNA_realign.md.mosdepth.global.dist.txt",
                "reports/mosdepth/TCRBOA7-T-RNA_realign/TCRBOA7-T-RNA_realign.md.mosdepth.summary.txt",
                "reports/mosdepth/TCRBOA7-T-RNA_realign/TCRBOA7-T-RNA_realign.md.per-base.bed.gz",
                "reports/mosdepth/TCRBOA7-T-RNA_realign/TCRBOA7-T-RNA_realign.md.per-base.bed.gz.csi",
                "reports/multiqc_data",
                "reports/multiqc_data/BETA-multiqc.parquet",
                "reports/multiqc_data/bcftools-stats-subtypes.txt",
                "reports/multiqc_data/bcftools_stats_indel-lengths.txt",
                "reports/multiqc_data/bcftools_stats_variant_depths.txt",
                "reports/multiqc_data/bcftools_stats_vqc_Count_Indels.txt",
                "reports/multiqc_data/bcftools_stats_vqc_Count_SNP.txt",
                "reports/multiqc_data/bcftools_stats_vqc_Count_Transitions.txt",
                "reports/multiqc_data/bcftools_stats_vqc_Count_Transversions.txt",
                "reports/multiqc_data/consequences_all__plot_Coding_consequences.txt",
                "reports/multiqc_data/consequences_all__plot_Consequences_most_severe_.txt",
                "reports/multiqc_data/llms-full.txt",
                "reports/multiqc_data/mosdepth-coverage-per-contig-single.txt",
                "reports/multiqc_data/mosdepth-cumcoverage-dist-id.txt",
                "reports/multiqc_data/mosdepth_cov_dist.txt",
                "reports/multiqc_data/mosdepth_cumcov_dist.txt",
                "reports/multiqc_data/mosdepth_perchrom.txt",
                "reports/multiqc_data/multiqc.log",
                "reports/multiqc_data/multiqc_bcftools_stats.txt",
                "reports/multiqc_data/multiqc_citations.txt",
                "reports/multiqc_data/multiqc_data.json",
                "reports/multiqc_data/multiqc_general_stats.txt",
                "reports/multiqc_data/multiqc_picard_dups.txt",
                "reports/multiqc_data/multiqc_samtools_stats.txt",
                "reports/multiqc_data/multiqc_software_versions.txt",
                "reports/multiqc_data/multiqc_sources.txt",
                "reports/multiqc_data/picard_MarkIlluminaAdapters_histogram.txt",
                "reports/multiqc_data/picard_MeanQualityByCycle_histogram.txt",
                "reports/multiqc_data/picard_QualityScoreDistribution_histogram.txt",
                "reports/multiqc_data/picard_deduplication.txt",
                "reports/multiqc_data/samtools-stats-dp.txt",
                "reports/multiqc_data/samtools_alignment_plot.txt",
                "reports/multiqc_data/variant_classes_plot.txt",
                "reports/multiqc_data/variants_by_chromosome_plot.txt",
                "reports/multiqc_data/vcftools_tstv_by_count.txt",
                "reports/multiqc_data/vcftools_tstv_by_qual.txt",
                "reports/multiqc_data/vep-general-stats.txt",
                "reports/multiqc_data/vep.txt",
                "reports/multiqc_plots",
                "reports/multiqc_plots/pdf",
                "reports/multiqc_plots/pdf/bcftools-stats-subtypes-cnt.pdf",
                "reports/multiqc_plots/pdf/bcftools-stats-subtypes-pct.pdf",
                "reports/multiqc_plots/pdf/bcftools_stats_indel-lengths-cnt.pdf",
                "reports/multiqc_plots/pdf/bcftools_stats_indel-lengths-log.pdf",
                "reports/multiqc_plots/pdf/bcftools_stats_variant_depths.pdf",
                "reports/multiqc_plots/pdf/bcftools_stats_vqc_Count_Indels.pdf",
                "reports/multiqc_plots/pdf/bcftools_stats_vqc_Count_SNP.pdf",
                "reports/multiqc_plots/pdf/bcftools_stats_vqc_Count_Transitions.pdf",
                "reports/multiqc_plots/pdf/bcftools_stats_vqc_Count_Transversions.pdf",
                "reports/multiqc_plots/pdf/consequences_all__plot_Coding_consequences-cnt.pdf",
                "reports/multiqc_plots/pdf/consequences_all__plot_Coding_consequences-pct.pdf",
                "reports/multiqc_plots/pdf/consequences_all__plot_Consequences_most_severe_-cnt.pdf",
                "reports/multiqc_plots/pdf/consequences_all__plot_Consequences_most_severe_-pct.pdf",
                "reports/multiqc_plots/pdf/mosdepth-coverage-per-contig-single-cnt.pdf",
                "reports/multiqc_plots/pdf/mosdepth-coverage-per-contig-single-pct.pdf",
                "reports/multiqc_plots/pdf/mosdepth-cumcoverage-dist-id.pdf",
                "reports/multiqc_plots/pdf/picard_deduplication-cnt.pdf",
                "reports/multiqc_plots/pdf/picard_deduplication-pct.pdf",
                "reports/multiqc_plots/pdf/samtools-stats-dp.pdf",
                "reports/multiqc_plots/pdf/samtools_alignment_plot-cnt.pdf",
                "reports/multiqc_plots/pdf/samtools_alignment_plot-pct.pdf",
                "reports/multiqc_plots/pdf/variant_classes_plot-cnt.pdf",
                "reports/multiqc_plots/pdf/variant_classes_plot-pct.pdf",
                "reports/multiqc_plots/pdf/variants_by_chromosome_plot-cnt.pdf",
                "reports/multiqc_plots/pdf/variants_by_chromosome_plot-pct.pdf",
                "reports/multiqc_plots/pdf/vcftools_tstv_by_count.pdf",
                "reports/multiqc_plots/pdf/vcftools_tstv_by_qual.pdf",
                "reports/multiqc_plots/pdf/vep-general-stats.pdf",
                "reports/multiqc_plots/png",
                "reports/multiqc_plots/png/bcftools-stats-subtypes-cnt.png",
                "reports/multiqc_plots/png/bcftools-stats-subtypes-pct.png",
                "reports/multiqc_plots/png/bcftools_stats_indel-lengths-cnt.png",
                "reports/multiqc_plots/png/bcftools_stats_indel-lengths-log.png",
                "reports/multiqc_plots/png/bcftools_stats_variant_depths.png",
                "reports/multiqc_plots/png/bcftools_stats_vqc_Count_Indels.png",
                "reports/multiqc_plots/png/bcftools_stats_vqc_Count_SNP.png",
                "reports/multiqc_plots/png/bcftools_stats_vqc_Count_Transitions.png",
                "reports/multiqc_plots/png/bcftools_stats_vqc_Count_Transversions.png",
                "reports/multiqc_plots/png/consequences_all__plot_Coding_consequences-cnt.png",
                "reports/multiqc_plots/png/consequences_all__plot_Coding_consequences-pct.png",
                "reports/multiqc_plots/png/consequences_all__plot_Consequences_most_severe_-cnt.png",
                "reports/multiqc_plots/png/consequences_all__plot_Consequences_most_severe_-pct.png",
                "reports/multiqc_plots/png/mosdepth-coverage-per-contig-single-cnt.png",
                "reports/multiqc_plots/png/mosdepth-coverage-per-contig-single-pct.png",
                "reports/multiqc_plots/png/mosdepth-cumcoverage-dist-id.png",
                "reports/multiqc_plots/png/picard_deduplication-cnt.png",
                "reports/multiqc_plots/png/picard_deduplication-pct.png",
                "reports/multiqc_plots/png/samtools-stats-dp.png",
                "reports/multiqc_plots/png/samtools_alignment_plot-cnt.png",
                "reports/multiqc_plots/png/samtools_alignment_plot-pct.png",
                "reports/multiqc_plots/png/variant_classes_plot-cnt.png",
                "reports/multiqc_plots/png/variant_classes_plot-pct.png",
                "reports/multiqc_plots/png/variants_by_chromosome_plot-cnt.png",
                "reports/multiqc_plots/png/variants_by_chromosome_plot-pct.png",
                "reports/multiqc_plots/png/vcftools_tstv_by_count.png",
                "reports/multiqc_plots/png/vcftools_tstv_by_qual.png",
                "reports/multiqc_plots/png/vep-general-stats.png",
                "reports/multiqc_plots/svg",
                "reports/multiqc_plots/svg/bcftools-stats-subtypes-cnt.svg",
                "reports/multiqc_plots/svg/bcftools-stats-subtypes-pct.svg",
                "reports/multiqc_plots/svg/bcftools_stats_indel-lengths-cnt.svg",
                "reports/multiqc_plots/svg/bcftools_stats_indel-lengths-log.svg",
                "reports/multiqc_plots/svg/bcftools_stats_variant_depths.svg",
                "reports/multiqc_plots/svg/bcftools_stats_vqc_Count_Indels.svg",
                "reports/multiqc_plots/svg/bcftools_stats_vqc_Count_SNP.svg",
                "reports/multiqc_plots/svg/bcftools_stats_vqc_Count_Transitions.svg",
                "reports/multiqc_plots/svg/bcftools_stats_vqc_Count_Transversions.svg",
                "reports/multiqc_plots/svg/consequences_all__plot_Coding_consequences-cnt.svg",
                "reports/multiqc_plots/svg/consequences_all__plot_Coding_consequences-pct.svg",
                "reports/multiqc_plots/svg/consequences_all__plot_Consequences_most_severe_-cnt.svg",
                "reports/multiqc_plots/svg/consequences_all__plot_Consequences_most_severe_-pct.svg",
                "reports/multiqc_plots/svg/mosdepth-coverage-per-contig-single-cnt.svg",
                "reports/multiqc_plots/svg/mosdepth-coverage-per-contig-single-pct.svg",
                "reports/multiqc_plots/svg/mosdepth-cumcoverage-dist-id.svg",
                "reports/multiqc_plots/svg/picard_deduplication-cnt.svg",
                "reports/multiqc_plots/svg/picard_deduplication-pct.svg",
                "reports/multiqc_plots/svg/samtools-stats-dp.svg",
                "reports/multiqc_plots/svg/samtools_alignment_plot-cnt.svg",
                "reports/multiqc_plots/svg/samtools_alignment_plot-pct.svg",
                "reports/multiqc_plots/svg/variant_classes_plot-cnt.svg",
                "reports/multiqc_plots/svg/variant_classes_plot-pct.svg",
                "reports/multiqc_plots/svg/variants_by_chromosome_plot-cnt.svg",
                "reports/multiqc_plots/svg/variants_by_chromosome_plot-pct.svg",
                "reports/multiqc_plots/svg/vcftools_tstv_by_count.svg",
                "reports/multiqc_plots/svg/vcftools_tstv_by_qual.svg",
                "reports/multiqc_plots/svg/vep-general-stats.svg",
                "reports/multiqc_report.html",
                "reports/samtools",
                "reports/samtools/hisat2",
                "reports/samtools/hisat2/samtools_stats",
                "reports/samtools/hisat2/samtools_stats/TCRBOA7-N_realign.hs2.sorted.bam.flagstat",
                "reports/samtools/hisat2/samtools_stats/TCRBOA7-N_realign.hs2.sorted.bam.idxstats",
                "reports/samtools/hisat2/samtools_stats/TCRBOA7-N_realign.hs2.sorted.bam.stats",
                "reports/samtools/hisat2/samtools_stats/TCRBOA7-T-RNA_realign.hs2.sorted.bam.flagstat",
                "reports/samtools/hisat2/samtools_stats/TCRBOA7-T-RNA_realign.hs2.sorted.bam.idxstats",
                "reports/samtools/hisat2/samtools_stats/TCRBOA7-T-RNA_realign.hs2.sorted.bam.stats",
                "reports/samtools/markduplicates",
                "reports/samtools/markduplicates/samtools_stats",
                "reports/samtools/markduplicates/samtools_stats/TCRBOA7-N_realign.md.cram.stats",
                "reports/samtools/markduplicates/samtools_stats/TCRBOA7-T-RNA_realign.md.cram.stats",
                "reports/vcftools",
                "reports/vcftools/mutect2",
                "reports/vcftools/mutect2/TCRBOA7-T-RNA_realign_vs_TCRBOA7-N_realign",
                "reports/vcftools/mutect2/TCRBOA7-T-RNA_realign_vs_TCRBOA7-N_realign/TCRBOA7-T-RNA_realign_vs_TCRBOA7-N_realign.mutect2.filtered.FILTER.summary",
                "reports/vcftools/mutect2/TCRBOA7-T-RNA_realign_vs_TCRBOA7-N_realign/TCRBOA7-T-RNA_realign_vs_TCRBOA7-N_realign.mutect2.filtered.TsTv.count",
                "reports/vcftools/mutect2/TCRBOA7-T-RNA_realign_vs_TCRBOA7-N_realign/TCRBOA7-T-RNA_realign_vs_TCRBOA7-N_realign.mutect2.filtered.TsTv.qual",
                "reports/vcftools/mutect2/TCRBOA7-T-RNA_vs_TCRBOA7-N",
                "reports/vcftools/mutect2/TCRBOA7-T-RNA_vs_TCRBOA7-N/TCRBOA7-T-RNA_vs_TCRBOA7-N.mutect2.filtered.FILTER.summary",
                "reports/vcftools/mutect2/TCRBOA7-T-RNA_vs_TCRBOA7-N/TCRBOA7-T-RNA_vs_TCRBOA7-N.mutect2.filtered.TsTv.count",
                "reports/vcftools/mutect2/TCRBOA7-T-RNA_vs_TCRBOA7-N/TCRBOA7-T-RNA_vs_TCRBOA7-N.mutect2.filtered.TsTv.qual",
                "reports/vcftools/mutect2/TCRBOA7-T_vs_TCRBOA7-N",
                "reports/vcftools/mutect2/TCRBOA7-T_vs_TCRBOA7-N/TCRBOA7-T_vs_TCRBOA7-N.mutect2.filtered.FILTER.summary",
                "reports/vcftools/mutect2/TCRBOA7-T_vs_TCRBOA7-N/TCRBOA7-T_vs_TCRBOA7-N.mutect2.filtered.TsTv.count",
                "reports/vcftools/mutect2/TCRBOA7-T_vs_TCRBOA7-N/TCRBOA7-T_vs_TCRBOA7-N.mutect2.filtered.TsTv.qual",
                "reports/vcftools/sage",
                "reports/vcftools/sage/TCRBOA7-T-RNA_realign_vs_TCRBOA7-N_realign",
                "reports/vcftools/sage/TCRBOA7-T-RNA_realign_vs_TCRBOA7-N_realign/TCRBOA7-T-RNA_realign_vs_TCRBOA7-N_realign.FILTER.summary",
                "reports/vcftools/sage/TCRBOA7-T-RNA_realign_vs_TCRBOA7-N_realign/TCRBOA7-T-RNA_realign_vs_TCRBOA7-N_realign.TsTv.count",
                "reports/vcftools/sage/TCRBOA7-T-RNA_realign_vs_TCRBOA7-N_realign/TCRBOA7-T-RNA_realign_vs_TCRBOA7-N_realign.TsTv.qual",
                "reports/vcftools/sage/TCRBOA7-T-RNA_vs_TCRBOA7-N",
                "reports/vcftools/sage/TCRBOA7-T-RNA_vs_TCRBOA7-N/TCRBOA7-T-RNA_vs_TCRBOA7-N.FILTER.summary",
                "reports/vcftools/sage/TCRBOA7-T-RNA_vs_TCRBOA7-N/TCRBOA7-T-RNA_vs_TCRBOA7-N.TsTv.count",
                "reports/vcftools/sage/TCRBOA7-T-RNA_vs_TCRBOA7-N/TCRBOA7-T-RNA_vs_TCRBOA7-N.TsTv.qual",
                "reports/vcftools/sage/TCRBOA7-T_vs_TCRBOA7-N",
                "reports/vcftools/sage/TCRBOA7-T_vs_TCRBOA7-N/TCRBOA7-T_vs_TCRBOA7-N.FILTER.summary",
                "reports/vcftools/sage/TCRBOA7-T_vs_TCRBOA7-N/TCRBOA7-T_vs_TCRBOA7-N.TsTv.count",
                "reports/vcftools/sage/TCRBOA7-T_vs_TCRBOA7-N/TCRBOA7-T_vs_TCRBOA7-N.TsTv.qual",
                "reports/vcftools/strelka",
                "reports/vcftools/strelka/TCRBOA7-T-RNA_realign_vs_TCRBOA7-N_realign",
                "reports/vcftools/strelka/TCRBOA7-T-RNA_realign_vs_TCRBOA7-N_realign/TCRBOA7-T-RNA_realign_vs_TCRBOA7-N_realign.strelka.variants.FILTER.summary",
                "reports/vcftools/strelka/TCRBOA7-T-RNA_realign_vs_TCRBOA7-N_realign/TCRBOA7-T-RNA_realign_vs_TCRBOA7-N_realign.strelka.variants.TsTv.count",
                "reports/vcftools/strelka/TCRBOA7-T-RNA_realign_vs_TCRBOA7-N_realign/TCRBOA7-T-RNA_realign_vs_TCRBOA7-N_realign.strelka.variants.TsTv.qual",
                "reports/vcftools/strelka/TCRBOA7-T-RNA_vs_TCRBOA7-N",
                "reports/vcftools/strelka/TCRBOA7-T-RNA_vs_TCRBOA7-N/TCRBOA7-T-RNA_vs_TCRBOA7-N.strelka.variants.FILTER.summary",
                "reports/vcftools/strelka/TCRBOA7-T-RNA_vs_TCRBOA7-N/TCRBOA7-T-RNA_vs_TCRBOA7-N.strelka.variants.TsTv.count",
                "reports/vcftools/strelka/TCRBOA7-T-RNA_vs_TCRBOA7-N/TCRBOA7-T-RNA_vs_TCRBOA7-N.strelka.variants.TsTv.qual",
                "reports/vcftools/strelka/TCRBOA7-T_vs_TCRBOA7-N",
                "reports/vcftools/strelka/TCRBOA7-T_vs_TCRBOA7-N/TCRBOA7-T_vs_TCRBOA7-N.strelka.variants.FILTER.summary",
                "reports/vcftools/strelka/TCRBOA7-T_vs_TCRBOA7-N/TCRBOA7-T_vs_TCRBOA7-N.strelka.variants.TsTv.count",
                "reports/vcftools/strelka/TCRBOA7-T_vs_TCRBOA7-N/TCRBOA7-T_vs_TCRBOA7-N.strelka.variants.TsTv.qual",
                "reports/vt",
                "reports/vt/TCRBOA7-T-RNA_realign_vs_TCRBOA7-N_realign",
                "reports/vt/TCRBOA7-T-RNA_vs_TCRBOA7-N",
                "reports/vt/TCRBOA7-T_vs_TCRBOA7-N",
                "unbgzip",
                "unbgzip/GRCh38.d1.vd1.chr7.mini.fa",
                "unzip",
                "unzip/sage_ensembl",
                "unzip/sage_ensembl/ensembl_gene_data.csv",
                "unzip/sage_ensembl/ensembl_protein_features.csv",
                "unzip/sage_ensembl/ensembl_trans_exon_data.csv",
                "unzip/sage_ensembl/ensembl_trans_splice_data.csv",
                "unzip/vep_hs",
                "unzip/vep_hs/homo_sapiens",
                "unzip/vep_hs/homo_sapiens/999_GRCh38",
                "unzip/vep_hs/homo_sapiens/999_GRCh38/7",
                "unzip/vep_hs/homo_sapiens/999_GRCh38/7/116000001-117000000.gz",
                "unzip/vep_hs/homo_sapiens/999_GRCh38/7/116000001-117000000_reg.gz",
                "unzip/vep_hs/homo_sapiens/999_GRCh38/7/18000001-19000000.gz",
                "unzip/vep_hs/homo_sapiens/999_GRCh38/7/18000001-19000000_reg.gz",
                "unzip/vep_hs/homo_sapiens/999_GRCh38/7/29000001-30000000.gz",
                "unzip/vep_hs/homo_sapiens/999_GRCh38/7/29000001-30000000_reg.gz",
                "unzip/vep_hs/homo_sapiens/999_GRCh38/7/44000001-45000000.gz",
                "unzip/vep_hs/homo_sapiens/999_GRCh38/7/44000001-45000000_reg.gz",
                "unzip/vep_hs/homo_sapiens/999_GRCh38/7/all_vars",
                "unzip/vep_hs/homo_sapiens/999_GRCh38/7/all_vars.gz",
                "unzip/vep_hs/homo_sapiens/999_GRCh38/7/all_vars.gz.csi",
                "unzip/vep_hs/homo_sapiens/999_GRCh38/info.txt",
                "variant_calling",
                "variant_calling/mutect2",
                "variant_calling/mutect2/TCRBOA7-N",
                "variant_calling/mutect2/TCRBOA7-N/TCRBOA7-N.mutect2.pileups.table",
                "variant_calling/mutect2/TCRBOA7-T",
                "variant_calling/mutect2/TCRBOA7-T-RNA",
                "variant_calling/mutect2/TCRBOA7-T-RNA/TCRBOA7-T-RNA.mutect2.pileups.table",
                "variant_calling/mutect2/TCRBOA7-T-RNA_realign_vs_TCRBOA7-N_realign",
                "variant_calling/mutect2/TCRBOA7-T-RNA_realign_vs_TCRBOA7-N_realign/TCRBOA7-T-RNA_realign_vs_TCRBOA7-N_realign.mutect2.filtered.vcf.gz",
                "variant_calling/mutect2/TCRBOA7-T-RNA_realign_vs_TCRBOA7-N_realign/TCRBOA7-T-RNA_realign_vs_TCRBOA7-N_realign.mutect2.filtered.vcf.gz.filteringStats.tsv",
                "variant_calling/mutect2/TCRBOA7-T-RNA_realign_vs_TCRBOA7-N_realign/TCRBOA7-T-RNA_realign_vs_TCRBOA7-N_realign.mutect2.filtered.vcf.gz.tbi",
                "variant_calling/mutect2/TCRBOA7-T-RNA_realign_vs_TCRBOA7-N_realign/TCRBOA7-T-RNA_realign_vs_TCRBOA7-N_realign.mutect2.vcf.gz",
                "variant_calling/mutect2/TCRBOA7-T-RNA_realign_vs_TCRBOA7-N_realign/TCRBOA7-T-RNA_realign_vs_TCRBOA7-N_realign.mutect2.vcf.gz.stats",
                "variant_calling/mutect2/TCRBOA7-T-RNA_realign_vs_TCRBOA7-N_realign/TCRBOA7-T-RNA_realign_vs_TCRBOA7-N_realign.mutect2.vcf.gz.tbi",
                "variant_calling/mutect2/TCRBOA7-T-RNA_vs_TCRBOA7-N",
                "variant_calling/mutect2/TCRBOA7-T-RNA_vs_TCRBOA7-N/TCRBOA7-T-RNA_vs_TCRBOA7-N.mutect2.artifactprior.tar.gz",
                "variant_calling/mutect2/TCRBOA7-T-RNA_vs_TCRBOA7-N/TCRBOA7-T-RNA_vs_TCRBOA7-N.mutect2.contamination.table",
                "variant_calling/mutect2/TCRBOA7-T-RNA_vs_TCRBOA7-N/TCRBOA7-T-RNA_vs_TCRBOA7-N.mutect2.filtered.vcf.gz",
                "variant_calling/mutect2/TCRBOA7-T-RNA_vs_TCRBOA7-N/TCRBOA7-T-RNA_vs_TCRBOA7-N.mutect2.filtered.vcf.gz.filteringStats.tsv",
                "variant_calling/mutect2/TCRBOA7-T-RNA_vs_TCRBOA7-N/TCRBOA7-T-RNA_vs_TCRBOA7-N.mutect2.filtered.vcf.gz.tbi",
                "variant_calling/mutect2/TCRBOA7-T-RNA_vs_TCRBOA7-N/TCRBOA7-T-RNA_vs_TCRBOA7-N.mutect2.segmentation.table",
                "variant_calling/mutect2/TCRBOA7-T-RNA_vs_TCRBOA7-N/TCRBOA7-T-RNA_vs_TCRBOA7-N.mutect2.vcf.gz",
                "variant_calling/mutect2/TCRBOA7-T-RNA_vs_TCRBOA7-N/TCRBOA7-T-RNA_vs_TCRBOA7-N.mutect2.vcf.gz.stats",
                "variant_calling/mutect2/TCRBOA7-T-RNA_vs_TCRBOA7-N/TCRBOA7-T-RNA_vs_TCRBOA7-N.mutect2.vcf.gz.tbi",
                "variant_calling/mutect2/TCRBOA7-T/TCRBOA7-T.mutect2.pileups.table",
                "variant_calling/mutect2/TCRBOA7-T_vs_TCRBOA7-N",
                "variant_calling/mutect2/TCRBOA7-T_vs_TCRBOA7-N/TCRBOA7-T_vs_TCRBOA7-N.mutect2.artifactprior.tar.gz",
                "variant_calling/mutect2/TCRBOA7-T_vs_TCRBOA7-N/TCRBOA7-T_vs_TCRBOA7-N.mutect2.contamination.table",
                "variant_calling/mutect2/TCRBOA7-T_vs_TCRBOA7-N/TCRBOA7-T_vs_TCRBOA7-N.mutect2.filtered.vcf.gz",
                "variant_calling/mutect2/TCRBOA7-T_vs_TCRBOA7-N/TCRBOA7-T_vs_TCRBOA7-N.mutect2.filtered.vcf.gz.filteringStats.tsv",
                "variant_calling/mutect2/TCRBOA7-T_vs_TCRBOA7-N/TCRBOA7-T_vs_TCRBOA7-N.mutect2.filtered.vcf.gz.tbi",
                "variant_calling/mutect2/TCRBOA7-T_vs_TCRBOA7-N/TCRBOA7-T_vs_TCRBOA7-N.mutect2.segmentation.table",
                "variant_calling/mutect2/TCRBOA7-T_vs_TCRBOA7-N/TCRBOA7-T_vs_TCRBOA7-N.mutect2.vcf.gz",
                "variant_calling/mutect2/TCRBOA7-T_vs_TCRBOA7-N/TCRBOA7-T_vs_TCRBOA7-N.mutect2.vcf.gz.stats",
                "variant_calling/mutect2/TCRBOA7-T_vs_TCRBOA7-N/TCRBOA7-T_vs_TCRBOA7-N.mutect2.vcf.gz.tbi",
                "variant_calling/sage",
                "variant_calling/sage/TCRBOA7-T-RNA_realign_vs_TCRBOA7-N_realign",
                "variant_calling/sage/TCRBOA7-T-RNA_realign_vs_TCRBOA7-N_realign/TCRBOA7-T-RNA_realign_vs_TCRBOA7-N_realign.vcf.gz",
                "variant_calling/sage/TCRBOA7-T-RNA_realign_vs_TCRBOA7-N_realign/TCRBOA7-T-RNA_realign_vs_TCRBOA7-N_realign.vcf.gz.tbi",
                "variant_calling/sage/TCRBOA7-T-RNA_vs_TCRBOA7-N",
                "variant_calling/sage/TCRBOA7-T-RNA_vs_TCRBOA7-N/TCRBOA7-T-RNA_vs_TCRBOA7-N.vcf.gz",
                "variant_calling/sage/TCRBOA7-T-RNA_vs_TCRBOA7-N/TCRBOA7-T-RNA_vs_TCRBOA7-N.vcf.gz.tbi",
                "variant_calling/sage/TCRBOA7-T_vs_TCRBOA7-N",
                "variant_calling/sage/TCRBOA7-T_vs_TCRBOA7-N/TCRBOA7-T_vs_TCRBOA7-N.vcf.gz",
                "variant_calling/sage/TCRBOA7-T_vs_TCRBOA7-N/TCRBOA7-T_vs_TCRBOA7-N.vcf.gz.tbi",
                "variant_calling/strelka",
                "variant_calling/strelka/TCRBOA7-T-RNA_realign_vs_TCRBOA7-N_realign",
                "variant_calling/strelka/TCRBOA7-T-RNA_realign_vs_TCRBOA7-N_realign/TCRBOA7-T-RNA_realign_vs_TCRBOA7-N_realign.strelka.variants.vcf.gz",
                "variant_calling/strelka/TCRBOA7-T-RNA_realign_vs_TCRBOA7-N_realign/TCRBOA7-T-RNA_realign_vs_TCRBOA7-N_realign.strelka.variants.vcf.gz.tbi",
                "variant_calling/strelka/TCRBOA7-T-RNA_vs_TCRBOA7-N",
                "variant_calling/strelka/TCRBOA7-T-RNA_vs_TCRBOA7-N/TCRBOA7-T-RNA_vs_TCRBOA7-N.strelka.variants.vcf.gz",
                "variant_calling/strelka/TCRBOA7-T-RNA_vs_TCRBOA7-N/TCRBOA7-T-RNA_vs_TCRBOA7-N.strelka.variants.vcf.gz.tbi",
                "variant_calling/strelka/TCRBOA7-T_vs_TCRBOA7-N",
                "variant_calling/strelka/TCRBOA7-T_vs_TCRBOA7-N/TCRBOA7-T_vs_TCRBOA7-N.strelka.variants.vcf.gz",
                "variant_calling/strelka/TCRBOA7-T_vs_TCRBOA7-N/TCRBOA7-T_vs_TCRBOA7-N.strelka.variants.vcf.gz.tbi"
            ],
            [
                "TCRBOA7-T-RNA_realign_vs_TCRBOA7-N_realign.mutect2.filtered.dec.norm_VEP.ann.vcf.gz:md5,127ec013dc70868d33d827ab6328a36e",
                "TCRBOA7-T-RNA_realign_vs_TCRBOA7-N_realign.mutect2.filtered.dec.norm_VEP.ann.vcf.gz.tbi:md5,08cefd17ffa544278d3a3be51a506479",
                "TCRBOA7-T-RNA_vs_TCRBOA7-N.mutect2.filtered.dec.norm_VEP.ann.vcf.gz:md5,ed81789d2c5462a31456cb4f093e771e",
                "TCRBOA7-T-RNA_vs_TCRBOA7-N.mutect2.filtered.dec.norm_VEP.ann.vcf.gz.tbi:md5,b3f6d2027a647fa642cfc775b6b7a4b9",
                "TCRBOA7-T_vs_TCRBOA7-N.mutect2.filtered.dec.norm_VEP.ann.vcf.gz:md5,bba4ec8cb20734178128cb88c1b34295",
                "TCRBOA7-T_vs_TCRBOA7-N.mutect2.filtered.dec.norm_VEP.ann.vcf.gz.tbi:md5,1b531f8cd944ea4828d631a1d5812bec",
                "TCRBOA7-T-RNA_realign_vs_TCRBOA7-N_realign.dec.norm_VEP.ann.vcf.gz:md5,ceb188931a9c71980e6d9f86a0cac5bc",
                "TCRBOA7-T-RNA_realign_vs_TCRBOA7-N_realign.dec.norm_VEP.ann.vcf.gz.tbi:md5,98ff34370199d5caf9e73c57f47f352f",
                "TCRBOA7-T-RNA_vs_TCRBOA7-N.dec.norm_VEP.ann.vcf.gz:md5,599733281991adf515b8a207fe26828a",
                "TCRBOA7-T-RNA_vs_TCRBOA7-N.dec.norm_VEP.ann.vcf.gz.tbi:md5,77aca0e66a56da7573a9897d1a1ecc0e",
                "TCRBOA7-T_vs_TCRBOA7-N.dec.norm_VEP.ann.vcf.gz:md5,e0d0edbde876314c83a21adcd5403808",
                "TCRBOA7-T_vs_TCRBOA7-N.dec.norm_VEP.ann.vcf.gz.tbi:md5,1185c365a9123f143d56fbb4e8c49a42",
                "TCRBOA7-T-RNA_realign_vs_TCRBOA7-N_realign.strelka.variants.dec.norm_VEP.ann.vcf.gz:md5,1114a58c0a7f88419271305685b482d8",
                "TCRBOA7-T-RNA_realign_vs_TCRBOA7-N_realign.strelka.variants.dec.norm_VEP.ann.vcf.gz.tbi:md5,f356259cc650e059ee868885cedd8a30",
                "TCRBOA7-T-RNA_vs_TCRBOA7-N.strelka.variants.dec.norm_VEP.ann.vcf.gz:md5,99ce4535021eb9ab32e9082da7aeeb49",
                "TCRBOA7-T-RNA_vs_TCRBOA7-N.strelka.variants.dec.norm_VEP.ann.vcf.gz.tbi:md5,d47cfc8239dfb6755c10d2617e80a7d6",
                "TCRBOA7-T_vs_TCRBOA7-N.strelka.variants.dec.norm_VEP.ann.vcf.gz:md5,4bf3b00e10ac82d0dd9b0f2723ce6de2",
                "TCRBOA7-T_vs_TCRBOA7-N.strelka.variants.dec.norm_VEP.ann.vcf.gz.tbi:md5,b0927b755826ef1465759662c67a4946",
                "TCRBOA7-T-RNA_realign_vs_TCRBOA7-N_realign.consensus.maf:md5,5cb7eb9cba337d2bc8e63a77cf054b35",
                "TCRBOA7-T-RNA_realign_vs_TCRBOA7-N_realign.consensus_mutect2.maf:md5,e696a7c152e99c0c7264391b1c6387a6",
                "TCRBOA7-T-RNA_realign_vs_TCRBOA7-N_realign.consensus_sage.maf:md5,f8b8636bc60426ee7cad48a2f1648f21",
                "TCRBOA7-T-RNA_realign_vs_TCRBOA7-N_realign.consensus_strelka.maf:md5,e3a1f67cedb446d211df54deeae44afa",
                "TCRBOA7-T-RNA_realign_vs_TCRBOA7-N_realign_with_TCRBOA7-T_vs_TCRBOA7-N_with_TCRBOA7-T-RNA_vs_TCRBOA7-N.consensus.maf:md5,fa1ddcc09ff1e48c4e7c4f0789e9a4b6",
                "TCRBOA7-T-RNA_realign_vs_TCRBOA7-N_realign_with_TCRBOA7-T_vs_TCRBOA7-N_with_TCRBOA7-T-RNA_vs_TCRBOA7-N.consensus_consensus.maf:md5,dffb010852f1699c88798eb6c630f3ac",
                "TCRBOA7-T-RNA_realign_vs_TCRBOA7-N_realign_with_TCRBOA7-T_vs_TCRBOA7-N_with_TCRBOA7-T-RNA_vs_TCRBOA7-N.consensus_mutect2.maf:md5,e696a7c152e99c0c7264391b1c6387a6",
                "TCRBOA7-T-RNA_realign_vs_TCRBOA7-N_realign_with_TCRBOA7-T_vs_TCRBOA7-N_with_TCRBOA7-T-RNA_vs_TCRBOA7-N.consensus_sage.maf:md5,1ec03b05ab26fec08148af5daa6357d6",
                "TCRBOA7-T-RNA_realign_vs_TCRBOA7-N_realign_with_TCRBOA7-T_vs_TCRBOA7-N_with_TCRBOA7-T-RNA_vs_TCRBOA7-N.consensus_strelka.maf:md5,9216a59ef047bd85984b087ea50d3fa3",
                "TCRBOA7-T-RNA_vs_TCRBOA7-N.consensus.maf:md5,0dbe10235dd8d990b1d7e898b0ca013e",
                "TCRBOA7-T-RNA_vs_TCRBOA7-N.consensus_mutect2.maf:md5,d4722401deb5644f09fb849bbc52f178",
                "TCRBOA7-T-RNA_vs_TCRBOA7-N.consensus_sage.maf:md5,83a12cc8751381922fb8594cabe398c6",
                "TCRBOA7-T-RNA_vs_TCRBOA7-N.consensus_strelka.maf:md5,1f423aa7b5040ccaf2e5668a60c30b6e",
                "TCRBOA7-T-RNA_vs_TCRBOA7-N_with_TCRBOA7-T_vs_TCRBOA7-N.consensus.maf:md5,95d17d86d2042083b76df50f617054fb",
                "TCRBOA7-T-RNA_vs_TCRBOA7-N_with_TCRBOA7-T_vs_TCRBOA7-N.consensus_consensus.maf:md5,82640bda124d6b9d6ece335d3fd7c614",
                "TCRBOA7-T-RNA_vs_TCRBOA7-N_with_TCRBOA7-T_vs_TCRBOA7-N.consensus_mutect2.maf:md5,d4722401deb5644f09fb849bbc52f178",
                "TCRBOA7-T-RNA_vs_TCRBOA7-N_with_TCRBOA7-T_vs_TCRBOA7-N.consensus_sage.maf:md5,882f2ff2f21ecebec0793e52d2dccdcf",
                "TCRBOA7-T-RNA_vs_TCRBOA7-N_with_TCRBOA7-T_vs_TCRBOA7-N.consensus_strelka.maf:md5,a8a568c0244f3e2d95cd701081c3bd3b",
                "TCRBOA7-T_vs_TCRBOA7-N.consensus.maf:md5,c18cbafb5eeb0c3f6692b4349a37e5b4",
                "TCRBOA7-T_vs_TCRBOA7-N.consensus_mutect2.maf:md5,a6e13c93908a4c367ed59306e66d3e0d",
                "TCRBOA7-T_vs_TCRBOA7-N.consensus_sage.maf:md5,45c4f454d0e2d40833afa61bfccbd3b4",
                "TCRBOA7-T_vs_TCRBOA7-N.consensus_strelka.maf:md5,4dda4271a40bdc96b33919b0e777478c",
                "TCRBOA7-T_vs_TCRBOA7-N_with_TCRBOA7-T-RNA_realign_vs_TCRBOA7-N_realign.consensus.maf:md5,70fc6ea4eaa7976c2f8031503a611034",
                "TCRBOA7-T_vs_TCRBOA7-N_with_TCRBOA7-T-RNA_realign_vs_TCRBOA7-N_realign.consensus_consensus.maf:md5,5c86f8a0416d5dcec0a6c017f76344b2",
                "TCRBOA7-T_vs_TCRBOA7-N_with_TCRBOA7-T-RNA_realign_vs_TCRBOA7-N_realign.consensus_mutect2.maf:md5,a6e13c93908a4c367ed59306e66d3e0d",
                "TCRBOA7-T_vs_TCRBOA7-N_with_TCRBOA7-T-RNA_realign_vs_TCRBOA7-N_realign.consensus_sage.maf:md5,30692663543da07e99ab33c4bd51fc85",
                "TCRBOA7-T_vs_TCRBOA7-N_with_TCRBOA7-T-RNA_realign_vs_TCRBOA7-N_realign.consensus_strelka.maf:md5,d94525512db33e2334e468d568d8f88c",
                "TCRBOA7-T_vs_TCRBOA7-N_with_TCRBOA7-T-RNA_vs_TCRBOA7-N.consensus.maf:md5,5c68863c29598f33e44475456fe322c2",
                "TCRBOA7-T_vs_TCRBOA7-N_with_TCRBOA7-T-RNA_vs_TCRBOA7-N.consensus_consensus.maf:md5,3d6690e2327b43426ae323b05e15b6ed",
                "TCRBOA7-T_vs_TCRBOA7-N_with_TCRBOA7-T-RNA_vs_TCRBOA7-N.consensus_mutect2.maf:md5,a6e13c93908a4c367ed59306e66d3e0d",
                "TCRBOA7-T_vs_TCRBOA7-N_with_TCRBOA7-T-RNA_vs_TCRBOA7-N.consensus_sage.maf:md5,f1a8c14284b65da07d897f4e0813057b",
                "TCRBOA7-T_vs_TCRBOA7-N_with_TCRBOA7-T-RNA_vs_TCRBOA7-N.consensus_strelka.maf:md5,67d854338a0ae66b504f6e91edd984ac",
                "TCRBOA7-T-RNA_realign_vs_TCRBOA7-N_realign.mutect2.maf:md5,1876e38f8d98abc9a0a655246133da00",
                "TCRBOA7-T-RNA_realign_vs_TCRBOA7-N_realign.sage.maf:md5,7a4be3298590a294b896c09fdfb5459b",
                "TCRBOA7-T-RNA_realign_vs_TCRBOA7-N_realign.strelka.maf:md5,474805a426fb056205446fedc3bca405",
                "TCRBOA7-T-RNA_vs_TCRBOA7-N.mutect2.maf:md5,223d3ce853bfeb0f8af381f5bafd14e8",
                "TCRBOA7-T-RNA_vs_TCRBOA7-N.sage.maf:md5,e7a4ef52b51a2922454ec6178bc3613e",
                "TCRBOA7-T-RNA_vs_TCRBOA7-N.strelka.maf:md5,7fe28f2f02aeddc809f0bad9c9ab5318",
                "TCRBOA7-T_vs_TCRBOA7-N.mutect2.maf:md5,b9764cd9bf261e58e66908216fb3e138",
                "TCRBOA7-T_vs_TCRBOA7-N.sage.maf:md5,4fddc913dc39b950b07709b6bcdb3892",
                "TCRBOA7-T_vs_TCRBOA7-N.strelka.maf:md5,e87d0aa874f850ea0efdebaf65cf59b8",
                "TCRBOA7-N_realign.bam:md5,8304d4a2b8440e18908a6d76fca8fcf9",
                "TCRBOA7-N_realign.bam.bai:md5,fbb619c888816da27c7e83b7d19b19d0",
                "TCRBOA7-T-RNA_realign.bam:md5,989215015b315e0d4f72ef87609d54f8",
                "TCRBOA7-T-RNA_realign.bam.bai:md5,51f96e61df425104346f7d153af9d28d",
                "TCRBOA7-T-RNA_realign_vs_TCRBOA7-N_realign_with_TCRBOA7-T_vs_TCRBOA7-N_with_TCRBOA7-T-RNA_vs_TCRBOA7-N.filtered.maf:md5,f79c4b345330eb1074a9b51a1e2f9c19",
                "TCRBOA7-T-RNA_vs_TCRBOA7-N_with_TCRBOA7-T_vs_TCRBOA7-N.filtered.maf:md5,688bf1c40e522b1cf6996e3209756aaa",
                "TCRBOA7-T-RNA_realign_vs_TCRBOA7-N_realign_with_TCRBOA7-T_vs_TCRBOA7-N_with_TCRBOA7-T-RNA_vs_TCRBOA7-N.filtered.withRNAfilters.maf:md5,5daaa2b955aa6dae534a4c6c43358f35",
                "TCRBOA7-T-RNA_vs_TCRBOA7-N_with_TCRBOA7-T_vs_TCRBOA7-N.filtered.withRNAfilters.maf:md5,c2a31f8f7e5f44f6ee04d1624c3bf688",
                "TCRBOA7-T-RNA_with_TCRBOA7-T-RNA_realign.rna_filt.maf:md5,391a56274ff98c15546f27ac52e8d920",
                "TCRBOA7-T_vs_TCRBOA7-N_with_TCRBOA7-T-RNA_realign_vs_TCRBOA7-N_realign.filtered.maf:md5,90261c5c266022972582c1c8bfa7f429",
                "TCRBOA7-T_vs_TCRBOA7-N_with_TCRBOA7-T-RNA_vs_TCRBOA7-N.filtered.maf:md5,ea40474274bb9625ac80c1f08122ec0a",
                "TCRBOA7-T-RNA_realign_vs_TCRBOA7-N_realign.mutect2.filtered.dec.norm.vcf.gz:md5,fdcdef17ebd438ec00f7845b04c9e594",
                "TCRBOA7-T-RNA_vs_TCRBOA7-N.mutect2.filtered.dec.norm.vcf.gz:md5,3357067638a683435f3e2e58ab9edfb5",
                "TCRBOA7-T_vs_TCRBOA7-N.mutect2.filtered.dec.norm.vcf.gz:md5,ae6d6768e312736a2cfde96ab51a1d8d",
                "TCRBOA7-T-RNA_realign_vs_TCRBOA7-N_realign.dec.norm.vcf.gz:md5,3bab28747ffa03b4c07c108ee29c8141",
                "TCRBOA7-T-RNA_vs_TCRBOA7-N.dec.norm.vcf.gz:md5,24fe7f572597ae97938122bc04e67aa3",
                "TCRBOA7-T_vs_TCRBOA7-N.dec.norm.vcf.gz:md5,05f2f827f8b4f1d34b3c7be9c79e1b1b",
                "TCRBOA7-T-RNA_realign_vs_TCRBOA7-N_realign.strelka.variants.dec.norm.vcf.gz:md5,3deeba849deb4641b90a88292e6cc361",
                "TCRBOA7-T-RNA_vs_TCRBOA7-N.strelka.variants.dec.norm.vcf.gz:md5,275ed89ab32eaafcb49511be9847706b",
                "TCRBOA7-T_vs_TCRBOA7-N.strelka.variants.dec.norm.vcf.gz:md5,2a6986035e016ea8d30448b57b455f6c",
                "TCRBOA7-N_realign.bed:md5,e4f35697227392a4702f227771cd069e",
                "TCRBOA7-T-RNA_realign.bed:md5,e4f35697227392a4702f227771cd069e",
                "TCRBOA7-N_realign_IDs_all.txt:md5,fd6f493ad2b6742d397c200cbeb31508",
                "TCRBOA7-T-RNA_realign_IDs_all.txt:md5,bc0877253162496a04d8c6592534a364",
                "TCRBOA7-T-RNA_realign_vs_TCRBOA7-N_realign.mutect2.filtered.dec.norm_VEP.ann.vcf.gz_summary.html:md5,ccff1810a6b898fa428321bc5d34aba5",
                "TCRBOA7-T-RNA_vs_TCRBOA7-N.mutect2.filtered.dec.norm_VEP.ann.vcf.gz_summary.html:md5,26f16ff9787ca1ebe1b47452eb03ac76",
                "TCRBOA7-T_vs_TCRBOA7-N.mutect2.filtered.dec.norm_VEP.ann.vcf.gz_summary.html:md5,84c1405dae59a1c82d1540b21a442e0b",
                "TCRBOA7-T-RNA_realign_vs_TCRBOA7-N_realign.dec.norm_VEP.ann.vcf.gz_summary.html:md5,faadc0fe64ef4b07b055c22b071b76e0",
                "TCRBOA7-T-RNA_vs_TCRBOA7-N.dec.norm_VEP.ann.vcf.gz_summary.html:md5,9c40f9521d8670281893487edd7256b8",
                "TCRBOA7-T_vs_TCRBOA7-N.dec.norm_VEP.ann.vcf.gz_summary.html:md5,96b2583b31ce4f691131a9e4fd3ce2fa",
                "TCRBOA7-T-RNA_realign_vs_TCRBOA7-N_realign.strelka.variants.dec.norm_VEP.ann.vcf.gz_summary.html:md5,ec473c9c40787e6ea87459060dc6b2ec",
                "TCRBOA7-T-RNA_vs_TCRBOA7-N.strelka.variants.dec.norm_VEP.ann.vcf.gz_summary.html:md5,374e1a006a5a10439565be90795471f5",
                "TCRBOA7-T_vs_TCRBOA7-N.strelka.variants.dec.norm_VEP.ann.vcf.gz_summary.html:md5,0af3d7e21b580da0357ecb44d825244a",
                "TCRBOA7-T-RNA_realign_vs_TCRBOA7-N_realign.mutect2.filtered.bcftools_stats.txt:md5,4dc8d0dc91a2db5797bd2e5387d97908",
                "TCRBOA7-T-RNA_vs_TCRBOA7-N.mutect2.filtered.bcftools_stats.txt:md5,6e3bd59ff1208e5ddd2d5a9ca460f901",
                "TCRBOA7-T_vs_TCRBOA7-N.mutect2.filtered.bcftools_stats.txt:md5,8aaf8ff9844371723dbdbdf3c081c89f",
                "TCRBOA7-T-RNA_realign_vs_TCRBOA7-N_realign.bcftools_stats.txt:md5,3d6e27292e404bb1773642283bc332b3",
                "TCRBOA7-T-RNA_vs_TCRBOA7-N.bcftools_stats.txt:md5,4aa00c572491167f26d5533951338506",
                "TCRBOA7-T_vs_TCRBOA7-N.bcftools_stats.txt:md5,f2fce4f25e2caf58776d8fc796183dec",
                "TCRBOA7-T-RNA_realign_vs_TCRBOA7-N_realign.strelka.variants.bcftools_stats.txt:md5,a10e998788bc2bd255256695a96721b1",
                "TCRBOA7-T-RNA_vs_TCRBOA7-N.strelka.variants.bcftools_stats.txt:md5,6a699f5e024121de9461b8a04ada417b",
                "TCRBOA7-T_vs_TCRBOA7-N.strelka.variants.bcftools_stats.txt:md5,b347ac1c2bbf1238d40b7cc97274aa47",
                "TCRBOA7-T-RNA_realign_vs_TCRBOA7-N_realign.consensus.pdf:md5,ede08736a92519c5328cbf6617ca7635",
                "TCRBOA7-T-RNA_realign_vs_TCRBOA7-N_realign_with_TCRBOA7-T_vs_TCRBOA7-N_with_TCRBOA7-T-RNA_vs_TCRBOA7-N.consensus.pdf:md5,c895585296ff839a7489804e50aa1754",
                "TCRBOA7-T-RNA_vs_TCRBOA7-N.consensus.pdf:md5,f636a9524253b6e7fb0065aef8a3f94c",
                "TCRBOA7-T-RNA_vs_TCRBOA7-N_with_TCRBOA7-T_vs_TCRBOA7-N.consensus.pdf:md5,8c61317e38fade555550878deb5700fe",
                "TCRBOA7-T_vs_TCRBOA7-N.consensus.pdf:md5,0d3fdaba474a24be322220e4b3df52aa",
                "TCRBOA7-T_vs_TCRBOA7-N_with_TCRBOA7-T-RNA_realign_vs_TCRBOA7-N_realign.consensus.pdf:md5,a286e1408946b4d9a981f3893c4a67cd",
                "TCRBOA7-T_vs_TCRBOA7-N_with_TCRBOA7-T-RNA_vs_TCRBOA7-N.consensus.pdf:md5,10dc2c9be952be945586f35fe40e3321",
                "TCRBOA7-N_realign.md.mosdepth.global.dist.txt:md5,89fe6e865bdb1818b96b41cacfaa1d66",
                "TCRBOA7-N_realign.md.mosdepth.summary.txt:md5,6a7545b9e46243118ed66e5f47b28526",
                "TCRBOA7-N_realign.md.per-base.bed.gz:md5,3e038c5cae2c4be042d78723b8a40ee9",
                "TCRBOA7-N_realign.md.per-base.bed.gz.csi:md5,f6913a8a45e9112cf8de1641d3d7f25f",
                "TCRBOA7-T-RNA_realign.md.mosdepth.global.dist.txt:md5,93aed80b2dbba142874e6c20f62f4e47",
                "TCRBOA7-T-RNA_realign.md.mosdepth.summary.txt:md5,8b318b5e7d7293df0c861367b5a1b06a",
                "TCRBOA7-T-RNA_realign.md.per-base.bed.gz:md5,7ea6edcc33692f1815894b135ab1ed53",
                "TCRBOA7-T-RNA_realign.md.per-base.bed.gz.csi:md5,69d2c0022e8022a5f1a7d62e7845dcc1",
                "bcftools-stats-subtypes.txt:md5,a44ff2bd723488783ad1f4b2ee13905f",
                "bcftools_stats_indel-lengths.txt:md5,fbc14120f41bfde417eafac317252e97",
                "bcftools_stats_variant_depths.txt:md5,28209b81c3cb7ace5139154971bf4ed0",
                "bcftools_stats_vqc_Count_Indels.txt:md5,4496126cd8d527c939abfbd88541d6fc",
                "bcftools_stats_vqc_Count_SNP.txt:md5,cc5eb5f5d9a6335e73c53481f6d38d01",
                "bcftools_stats_vqc_Count_Transitions.txt:md5,181e475f116b84eb01bb34df3f762dc3",
                "bcftools_stats_vqc_Count_Transversions.txt:md5,b19adc7acb70af89537295ecd418f8b5",
                "consequences_all__plot_Coding_consequences.txt:md5,c242b12e15554196910810c6d3464386",
                "consequences_all__plot_Consequences_most_severe_.txt:md5,c242b12e15554196910810c6d3464386",
                "mosdepth-coverage-per-contig-single.txt:md5,8b7489d23edeba1cbfd0ad6f11b135b0",
                "mosdepth-cumcoverage-dist-id.txt:md5,7e7757eb09e86de98eba58ec46570ab5",
                "mosdepth_cov_dist.txt:md5,64040ad9bc33eadc288bfdd4e1f33ccf",
                "mosdepth_cumcov_dist.txt:md5,64040ad9bc33eadc288bfdd4e1f33ccf",
                "mosdepth_perchrom.txt:md5,8b7489d23edeba1cbfd0ad6f11b135b0",
                "multiqc_bcftools_stats.txt:md5,97f345af812f34e1af364bd17da2f5e5",
                "multiqc_citations.txt:md5,690ca7b235f7ab67dee56b704190223d",
                "multiqc_picard_dups.txt:md5,334209e4241cdf8da8c969b2bc8689cb",
                "picard_MarkIlluminaAdapters_histogram.txt:md5,d41d8cd98f00b204e9800998ecf8427e",
                "picard_MeanQualityByCycle_histogram.txt:md5,d41d8cd98f00b204e9800998ecf8427e",
                "picard_QualityScoreDistribution_histogram.txt:md5,d41d8cd98f00b204e9800998ecf8427e",
                "picard_deduplication.txt:md5,1e6754e7596a7f531c31b9b45fecbd2e",
                "variant_classes_plot.txt:md5,7986f4ca12c29d8bb9d2ac45d12e6c2c",
                "variants_by_chromosome_plot.txt:md5,7549a03394aa7d1593db910e377b32f8",
                "vcftools_tstv_by_count.txt:md5,184a1a8b92ef7292ddaa7f0c96433b88",
                "vcftools_tstv_by_qual.txt:md5,e8cc9f023133da2fbf8f0d9745c2232e",
                "vep-general-stats.txt:md5,c97faad3ca7e37fba3faa9ff6b64be29",
                "vep.txt:md5,ea06a1239d1572127c79dc21a5c0b2f7",
                "TCRBOA7-N_realign.hs2.sorted.bam.flagstat:md5,a61a155935d4ce663677cfc61e2551b2",
                "TCRBOA7-T-RNA_realign.hs2.sorted.bam.flagstat:md5,33066b4d78ed55a281a2b9551593a20e",
                "TCRBOA7-T-RNA_realign_vs_TCRBOA7-N_realign.mutect2.filtered.FILTER.summary:md5,7f039e7810b618b79e472a42a4c21f61",
                "TCRBOA7-T-RNA_realign_vs_TCRBOA7-N_realign.mutect2.filtered.TsTv.count:md5,b344adbc975729c32be0329f2c324170",
                "TCRBOA7-T-RNA_realign_vs_TCRBOA7-N_realign.mutect2.filtered.TsTv.qual:md5,1015ca8cdb21bd9b2609857d24381458",
                "TCRBOA7-T-RNA_vs_TCRBOA7-N.mutect2.filtered.FILTER.summary:md5,b1aa23b4d227042bd640d0f405983b78",
                "TCRBOA7-T-RNA_vs_TCRBOA7-N.mutect2.filtered.TsTv.count:md5,b344adbc975729c32be0329f2c324170",
                "TCRBOA7-T-RNA_vs_TCRBOA7-N.mutect2.filtered.TsTv.qual:md5,f874d7f82e715d875aea35662414eed9",
                "TCRBOA7-T_vs_TCRBOA7-N.mutect2.filtered.FILTER.summary:md5,9c9322d4fd6178235477011a92a017c9",
                "TCRBOA7-T_vs_TCRBOA7-N.mutect2.filtered.TsTv.count:md5,72ff6bf897ef5e915f48c21df8cc56f0",
                "TCRBOA7-T_vs_TCRBOA7-N.mutect2.filtered.TsTv.qual:md5,2b1cc85aa7daad899c665ecb5f5f9728",
                "TCRBOA7-T-RNA_realign_vs_TCRBOA7-N_realign.FILTER.summary:md5,1e20c822c4bc09b9f7965d6de05a99a6",
                "TCRBOA7-T-RNA_realign_vs_TCRBOA7-N_realign.TsTv.count:md5,d738346e762cb4c1a13bca5d3d56ca2c",
                "TCRBOA7-T-RNA_realign_vs_TCRBOA7-N_realign.TsTv.qual:md5,8ebd6effbd4bd32ca7db47d013934fd7",
                "TCRBOA7-T-RNA_vs_TCRBOA7-N.FILTER.summary:md5,7899042c6bd5fb6df9ffbfff2aa57271",
                "TCRBOA7-T-RNA_vs_TCRBOA7-N.TsTv.count:md5,3c0517d45416292c67889698bad3a3ea",
                "TCRBOA7-T-RNA_vs_TCRBOA7-N.TsTv.qual:md5,47f13e2f82da137de4b7ad0b85d65710",
                "TCRBOA7-T_vs_TCRBOA7-N.FILTER.summary:md5,ab45fa8caa79ad573f621b3c499a8c12",
                "TCRBOA7-T_vs_TCRBOA7-N.TsTv.count:md5,9118348a47ea90e0928cb9d9bcbe5ffd",
                "TCRBOA7-T_vs_TCRBOA7-N.TsTv.qual:md5,754f7bbf4fbf832adb0af0d809910e54",
                "TCRBOA7-T-RNA_realign_vs_TCRBOA7-N_realign.strelka.variants.FILTER.summary:md5,3c223cd85fa18d463e450e175278be5d",
                "TCRBOA7-T-RNA_realign_vs_TCRBOA7-N_realign.strelka.variants.TsTv.count:md5,8840fb4aab88f86c749388f24b4bdde2",
                "TCRBOA7-T-RNA_realign_vs_TCRBOA7-N_realign.strelka.variants.TsTv.qual:md5,069b73c2ef857a63ac1e86cdba34efe7",
                "TCRBOA7-T-RNA_vs_TCRBOA7-N.strelka.variants.FILTER.summary:md5,9223955b3a204ee043ff16784f3a5778",
                "TCRBOA7-T-RNA_vs_TCRBOA7-N.strelka.variants.TsTv.count:md5,3dd283bf9734c5ba21a8bb06bca8b334",
                "TCRBOA7-T-RNA_vs_TCRBOA7-N.strelka.variants.TsTv.qual:md5,7db415abd66d5eb8196682c4a9164177",
                "TCRBOA7-T_vs_TCRBOA7-N.strelka.variants.FILTER.summary:md5,2901d22d8200f3631b2ae575edd21c73",
                "TCRBOA7-T_vs_TCRBOA7-N.strelka.variants.TsTv.count:md5,339c25dcf21002bb0553a249aaea8d8f",
                "TCRBOA7-T_vs_TCRBOA7-N.strelka.variants.TsTv.qual:md5,120cd94d27666d1b389151d07ef3c38c",
                "GRCh38.d1.vd1.chr7.mini.fa:md5,60be0425643532497babdb0a5dbad258",
                "ensembl_gene_data.csv:md5,da4b3ec34cd76071f5eb986f07b515b4",
                "ensembl_protein_features.csv:md5,d1ec0cd7095262cd0c3e9734bd1fecd5",
                "ensembl_trans_exon_data.csv:md5,155a9b74c88035ad0fa0fca082465a4f",
                "ensembl_trans_splice_data.csv:md5,b4d50efec787528ee7412b0f376a2148",
                "116000001-117000000.gz:md5,7f20f4c5db6d54b7d90da27ab554573a",
                "116000001-117000000_reg.gz:md5,a262d3e3b738568a18ed8fb3bf53c308",
                "18000001-19000000.gz:md5,4aa5596bdc6e7240d94bc8a5a7a8415e",
                "18000001-19000000_reg.gz:md5,d81c2e3675f64904f4a9e4c6dcb0a823",
                "29000001-30000000.gz:md5,405ed88a0e38151a57b8f290c2a4332f",
                "29000001-30000000_reg.gz:md5,fe2c76120acfe7abfe17035993d900b9",
                "44000001-45000000.gz:md5,de6305ce4f5227f7bd00c92f25cf41eb",
                "44000001-45000000_reg.gz:md5,21de90c58fa4ace76a187e86b151558f",
                "all_vars:md5,d41d8cd98f00b204e9800998ecf8427e",
                "all_vars.gz:md5,38824521039a7412149993822dac6a18",
                "all_vars.gz.csi:md5,812c0d392568c42e03b6f375de8b6424",
                "info.txt:md5,e0394040610a9ed15a4722ed10048df9",
                "TCRBOA7-N.mutect2.pileups.table:md5,8cded261ff12b5a4209899b487cd4435",
                "TCRBOA7-T-RNA.mutect2.pileups.table:md5,86df8257cb4e0091673473b4b9b6921c",
                "TCRBOA7-T-RNA_realign_vs_TCRBOA7-N_realign.mutect2.filtered.vcf.gz:md5,27ead45307218737aaad49365cf045ba",
                "TCRBOA7-T-RNA_realign_vs_TCRBOA7-N_realign.mutect2.filtered.vcf.gz.filteringStats.tsv:md5,af26720e628cc03a22518cde942e5edc",
                "TCRBOA7-T-RNA_realign_vs_TCRBOA7-N_realign.mutect2.filtered.vcf.gz.tbi:md5,6214aed81edf7c0165b67735e5674523",
                "TCRBOA7-T-RNA_realign_vs_TCRBOA7-N_realign.mutect2.vcf.gz:md5,e983793e64805925c0b3d9735bc5e4e5",
                "TCRBOA7-T-RNA_realign_vs_TCRBOA7-N_realign.mutect2.vcf.gz.stats:md5,173789719cdf1a797050ddbca6df61b4",
                "TCRBOA7-T-RNA_realign_vs_TCRBOA7-N_realign.mutect2.vcf.gz.tbi:md5,2d8037f6c5a6acbfc3cc764966815500",
                "TCRBOA7-T-RNA_vs_TCRBOA7-N.mutect2.artifactprior.tar.gz:md5,1a041b79838e7444955ed2c591af7004",
                "TCRBOA7-T-RNA_vs_TCRBOA7-N.mutect2.contamination.table:md5,157dec9484fa3b42ba455bee272e3564",
                "TCRBOA7-T-RNA_vs_TCRBOA7-N.mutect2.filtered.vcf.gz:md5,9c66a97cc976108cb98063159710b66c",
                "TCRBOA7-T-RNA_vs_TCRBOA7-N.mutect2.filtered.vcf.gz.filteringStats.tsv:md5,f91e7283f5372f664e9a06e223e22b0f",
                "TCRBOA7-T-RNA_vs_TCRBOA7-N.mutect2.filtered.vcf.gz.tbi:md5,39fe8e9d6293ae434c24560e64287a2b",
                "TCRBOA7-T-RNA_vs_TCRBOA7-N.mutect2.segmentation.table:md5,a5ed1b7ae987fe01d2105d6c6f0662d8",
                "TCRBOA7-T-RNA_vs_TCRBOA7-N.mutect2.vcf.gz:md5,57107caa780cf105d01055327ef94d89",
                "TCRBOA7-T-RNA_vs_TCRBOA7-N.mutect2.vcf.gz.stats:md5,293daa0c90f7eb0cae510d3df6470ad2",
                "TCRBOA7-T-RNA_vs_TCRBOA7-N.mutect2.vcf.gz.tbi:md5,bdc259fc6dcaba3f72fad8ebc22c3188",
                "TCRBOA7-T.mutect2.pileups.table:md5,b7af7f7e72558019a77f14c5215be164",
                "TCRBOA7-T_vs_TCRBOA7-N.mutect2.artifactprior.tar.gz:md5,a347d8ed0e6658981d70385fe33a46bd",
                "TCRBOA7-T_vs_TCRBOA7-N.mutect2.contamination.table:md5,2378fd24eb269bb0fc9525aca53013b6",
                "TCRBOA7-T_vs_TCRBOA7-N.mutect2.filtered.vcf.gz:md5,ccc57022ea0c1a958c66e7a12e22c208",
                "TCRBOA7-T_vs_TCRBOA7-N.mutect2.filtered.vcf.gz.filteringStats.tsv:md5,4adf731f01441bc1fa0b41b5fcc56bf1",
                "TCRBOA7-T_vs_TCRBOA7-N.mutect2.filtered.vcf.gz.tbi:md5,1b9975faac59dbd680b8bfc86a6718f3",
                "TCRBOA7-T_vs_TCRBOA7-N.mutect2.segmentation.table:md5,74a02d0add49e7d33e4ccacdd6e55f74",
                "TCRBOA7-T_vs_TCRBOA7-N.mutect2.vcf.gz:md5,427fc7ba1089a07bbce59774aab46114",
                "TCRBOA7-T_vs_TCRBOA7-N.mutect2.vcf.gz.stats:md5,9a8294a49e9a6524c3ba7431fa176cc0",
                "TCRBOA7-T_vs_TCRBOA7-N.mutect2.vcf.gz.tbi:md5,b3b23973efaefe6296454988cc863e32",
                "TCRBOA7-T-RNA_realign_vs_TCRBOA7-N_realign.vcf.gz:md5,5e9bd5f3b9b5f5dbe5df9d3348c5fbf3",
                "TCRBOA7-T-RNA_realign_vs_TCRBOA7-N_realign.vcf.gz.tbi:md5,31395beaf9fc3742f66b78cc15a7e2d1",
                "TCRBOA7-T-RNA_vs_TCRBOA7-N.vcf.gz:md5,69b86c7be82ebfe09c448df4c57dc3de",
                "TCRBOA7-T-RNA_vs_TCRBOA7-N.vcf.gz.tbi:md5,63c87e35397f5c7df7276e3f6c68cd4b",
                "TCRBOA7-T_vs_TCRBOA7-N.vcf.gz:md5,e2507ef4fc42d875a8e95076ee59690b",
                "TCRBOA7-T_vs_TCRBOA7-N.vcf.gz.tbi:md5,b775038571acd4501add4e0eb9f70385"
            ],
            [
                [
                    "TCRBOA7-N_realign.md.cram",
                    73090
                ],
                [
                    "TCRBOA7-T-RNA_realign.md.cram",
                    696457
                ],
                [
                    "TCRBOA7-T-RNA_realign.sncr.cram",
                    743583
                ]
            ]
        ],
        "meta": {
            "nf-test": "0.9.2",
            "nextflow": "25.04.6"
        },
        "timestamp": "2025-11-05T07:15:53.208575"
    }
}